42.113.60.146 - - [15/Mar/2026:22:36:25 +0700] "POST /wp-admin/admin-ajax.php HTTP/1.1" 200 78 "http://54.169.189.145/wp-admin/edit.php?post_type=page" "Mozilla/5.0 (Windows NT 10.0; Win64; x64) AppleWebKit/537.36 (KHTML, like Gecko) Chrome/145.0.0.0 Safari/537.36" "-"
42.113.60.146 - - [15/Mar/2026:22:36:35 +0700] "POST /wp-admin/admin-ajax.php HTTP/1.1" 200 78 "http://54.169.189.145/wp-admin/edit.php?post_type=page" "Mozilla/5.0 (Windows NT 10.0; Win64; x64) AppleWebKit/537.36 (KHTML, like Gecko) Chrome/145.0.0.0 Safari/537.36" "-"
42.115.239.44 - - [15/Mar/2026:22:36:39 +0700] "POST /wp-admin/update.php?action=upload-plugin HTTP/1.1" 200 30208 "http://54.169.189.145/wp-admin/plugin-install.php?s=WP%2520Travel%2520Engine%2520Search&tab=search&type=term" "Mozilla/5.0 (Macintosh; Intel Mac OS X 10_15_7) AppleWebKit/537.36 (KHTML, like Gecko) Chrome/145.0.0.0 Safari/537.36" "-"
42.115.239.44 - - [15/Mar/2026:22:36:41 +0700] "GET /wp-admin/update.php?action=upload-plugin-cancel-overwrite&package=25&_wpnonce=0a12c34664 HTTP/1.1" 302 5 "http://54.169.189.145/wp-admin/update.php?action=upload-plugin" "Mozilla/5.0 (Macintosh; Intel Mac OS X 10_15_7) AppleWebKit/537.36 (KHTML, like Gecko) Chrome/145.0.0.0 Safari/537.36" "-"
42.115.239.44 - - [15/Mar/2026:22:36:43 +0700] "GET /wp-admin/plugin-install.php HTTP/1.1" 200 37408 "http://54.169.189.145/wp-admin/update.php?action=upload-plugin" "Mozilla/5.0 (Macintosh; Intel Mac OS X 10_15_7) AppleWebKit/537.36 (KHTML, like Gecko) Chrome/145.0.0.0 Safari/537.36" "-"
42.113.60.146 - - [15/Mar/2026:22:36:46 +0700] "POST /wp-admin/admin-ajax.php HTTP/1.1" 200 78 "http://54.169.189.145/wp-admin/edit.php?post_type=page" "Mozilla/5.0 (Windows NT 10.0; Win64; x64) AppleWebKit/537.36 (KHTML, like Gecko) Chrome/145.0.0.0 Safari/537.36" "-"
42.113.60.146 - - [15/Mar/2026:22:36:46 +0700] "GET /wp-admin/edit.php?post_type=booking&page=class-wp-travel-engine-admin.php HTTP/1.1" 200 54322 "http://54.169.189.145/wp-admin/edit.php?post_type=page" "Mozilla/5.0 (Windows NT 10.0; Win64; x64) AppleWebKit/537.36 (KHTML, like Gecko) Chrome/145.0.0.0 Safari/537.36" "-"
42.115.239.44 - - [15/Mar/2026:22:36:53 +0700] "POST /wp-admin/update.php?action=upload-plugin HTTP/1.1" 200 29844 "http://54.169.189.145/wp-admin/plugin-install.php" "Mozilla/5.0 (Macintosh; Intel Mac OS X 10_15_7) AppleWebKit/537.36 (KHTML, like Gecko) Chrome/145.0.0.0 Safari/537.36" "-"
42.115.239.44 - - [15/Mar/2026:22:36:57 +0700] "GET /wp-admin/plugin-install.php HTTP/1.1" 200 37453 "http://54.169.189.145/wp-admin/update.php?action=upload-plugin" "Mozilla/5.0 (Macintosh; Intel Mac OS X 10_15_7) AppleWebKit/537.36 (KHTML, like Gecko) Chrome/145.0.0.0 Safari/537.36" "-"
42.115.239.44 - - [15/Mar/2026:22:37:01 +0700] "GET /wp-admin/plugins.php HTTP/1.1" 200 46054 "http://54.169.189.145/wp-admin/plugin-install.php" "Mozilla/5.0 (Macintosh; Intel Mac OS X 10_15_7) AppleWebKit/537.36 (KHTML, like Gecko) Chrome/145.0.0.0 Safari/537.36" "-"
42.113.60.146 - - [15/Mar/2026:22:37:01 +0700] "GET /wp-json/wptravelengine/v2/settings?_locale=user HTTP/1.1" 200 10829 "http://54.169.189.145/wp-admin/edit.php?post_type=booking&page=class-wp-travel-engine-admin.php" "Mozilla/5.0 (Windows NT 10.0; Win64; x64) AppleWebKit/537.36 (KHTML, like Gecko) Chrome/145.0.0.0 Safari/537.36" "-"
42.115.239.44 - - [15/Mar/2026:22:37:01 +0700] "GET /wp-admin/plugins.php HTTP/1.1" 200 46055 "http://54.169.189.145/wp-admin/plugins.php" "Mozilla/5.0 (Macintosh; Intel Mac OS X 10_15_7) AppleWebKit/537.36 (KHTML, like Gecko) Chrome/145.0.0.0 Safari/537.36" "-"
42.113.60.146 - - [15/Mar/2026:22:37:10 +0700] "GET /wp-admin/admin.php?page=wptravelengine-admin-page HTTP/1.1" 200 31176 "http://54.169.189.145/wp-admin/edit.php?post_type=booking&page=class-wp-travel-engine-admin.php" "Mozilla/5.0 (Windows NT 10.0; Win64; x64) AppleWebKit/537.36 (KHTML, like Gecko) Chrome/145.0.0.0 Safari/537.36" "-"
42.113.60.146 - - [15/Mar/2026:22:37:14 +0700] "GET / HTTP/1.1" 200 19893 "http://54.169.189.145/wp-admin/admin.php?page=wptravelengine-admin-page" "Mozilla/5.0 (Windows NT 10.0; Win64; x64) AppleWebKit/537.36 (KHTML, like Gecko) Chrome/145.0.0.0 Safari/537.36" "-"
42.115.239.44 - - [15/Mar/2026:22:37:22 +0700] "GET /wp-admin/plugins.php?action=activate&plugin=polylang%2Fpolylang.php&plugin_status=all&paged=1&s&_wpnonce=485fc59cad HTTP/1.1" 302 5 "http://54.169.189.145/wp-admin/plugins.php" "Mozilla/5.0 (Macintosh; Intel Mac OS X 10_15_7) AppleWebKit/537.36 (KHTML, like Gecko) Chrome/145.0.0.0 Safari/537.36" "-"
42.113.60.146 - - [15/Mar/2026:22:37:22 +0700] "GET /wp-admin/plugins.php HTTP/1.1" 200 46058 "http://54.169.189.145/" "Mozilla/5.0 (Windows NT 10.0; Win64; x64) AppleWebKit/537.36 (KHTML, like Gecko) Chrome/145.0.0.0 Safari/537.36" "-"
42.115.239.44 - - [15/Mar/2026:22:37:22 +0700] "GET /wp-admin/plugins.php?activate=true&plugin_status=all&paged=1&s= HTTP/1.1" 302 5 "http://54.169.189.145/wp-admin/plugins.php" "Mozilla/5.0 (Macintosh; Intel Mac OS X 10_15_7) AppleWebKit/537.36 (KHTML, like Gecko) Chrome/145.0.0.0 Safari/537.36" "-"
42.115.239.44 - - [15/Mar/2026:22:37:23 +0700] "GET /wp-admin/admin.php?page=mlang_wizard HTTP/1.1" 200 30690 "http://54.169.189.145/wp-admin/plugins.php" "Mozilla/5.0 (Macintosh; Intel Mac OS X 10_15_7) AppleWebKit/537.36 (KHTML, like Gecko) Chrome/145.0.0.0 Safari/537.36" "-"
42.115.239.44 - - [15/Mar/2026:22:38:09 +0700] "POST /wp-admin/admin.php?page=mlang_wizard HTTP/1.1" 302 5 "http://54.169.189.145/wp-admin/admin.php?page=mlang_wizard" "Mozilla/5.0 (Macintosh; Intel Mac OS X 10_15_7) AppleWebKit/537.36 (KHTML, like Gecko) Chrome/145.0.0.0 Safari/537.36" "-"
42.115.239.44 - - [15/Mar/2026:22:38:09 +0700] "GET /wp-admin/admin.php?page=mlang_wizard&step=media HTTP/1.1" 200 1923 "http://54.169.189.145/wp-admin/admin.php?page=mlang_wizard" "Mozilla/5.0 (Macintosh; Intel Mac OS X 10_15_7) AppleWebKit/537.36 (KHTML, like Gecko) Chrome/145.0.0.0 Safari/537.36" "-"
42.115.239.44 - - [15/Mar/2026:22:38:12 +0700] "POST /wp-admin/admin.php?page=mlang_wizard&step=media HTTP/1.1" 302 5 "http://54.169.189.145/wp-admin/admin.php?page=mlang_wizard&step=media" "Mozilla/5.0 (Macintosh; Intel Mac OS X 10_15_7) AppleWebKit/537.36 (KHTML, like Gecko) Chrome/145.0.0.0 Safari/537.36" "-"
42.115.239.44 - - [15/Mar/2026:22:38:12 +0700] "GET /wp-admin/admin.php?page=mlang_wizard&step=untranslated-contents HTTP/1.1" 200 2964 "http://54.169.189.145/wp-admin/admin.php?page=mlang_wizard&step=media" "Mozilla/5.0 (Macintosh; Intel Mac OS X 10_15_7) AppleWebKit/537.36 (KHTML, like Gecko) Chrome/145.0.0.0 Safari/537.36" "-"
42.115.239.44 - - [15/Mar/2026:22:38:15 +0700] "POST /wp-admin/admin.php?page=mlang_wizard&step=untranslated-contents HTTP/1.1" 302 5 "http://54.169.189.145/wp-admin/admin.php?page=mlang_wizard&step=untranslated-contents" "Mozilla/5.0 (Macintosh; Intel Mac OS X 10_15_7) AppleWebKit/537.36 (KHTML, like Gecko) Chrome/145.0.0.0 Safari/537.36" "-"
42.115.239.44 - - [15/Mar/2026:22:38:15 +0700] "GET /wp-admin/admin.php?page=mlang_wizard&step=last HTTP/1.1" 200 2071 "http://54.169.189.145/wp-admin/admin.php?page=mlang_wizard&step=untranslated-contents" "Mozilla/5.0 (Macintosh; Intel Mac OS X 10_15_7) AppleWebKit/537.36 (KHTML, like Gecko) Chrome/145.0.0.0 Safari/537.36" "-"
42.115.239.44 - - [15/Mar/2026:22:38:18 +0700] "GET /wp-admin/ HTTP/1.1" 200 42313 "http://54.169.189.145/wp-admin/admin.php?page=mlang_wizard&step=last" "Mozilla/5.0 (Macintosh; Intel Mac OS X 10_15_7) AppleWebKit/537.36 (KHTML, like Gecko) Chrome/145.0.0.0 Safari/537.36" "-"
42.115.239.44 - - [15/Mar/2026:22:38:18 +0700] "GET /wp-admin/load-styles.php?c=0&dir=ltr&load%5Bchunk_0%5D=dashicons,admin-bar,site-health,common,forms,admin-menu,dashboard,list-tables,edit,revisions,media,themes,about,nav-menus,wp-poi&load%5Bchunk_1%5D=nter,widgets,site-icon,l10n,buttons,wp-jquery-ui-dialog,wp-auth-check,wp-components,wp-commands,media-views&ver=6.9.4 HTTP/1.1" 200 131174 "http://54.169.189.145/wp-admin/" "Mozilla/5.0 (Macintosh; Intel Mac OS X 10_15_7) AppleWebKit/537.36 (KHTML, like Gecko) Chrome/145.0.0.0 Safari/537.36" "-"
54.169.189.145 - - [15/Mar/2026:22:38:19 +0700] "GET /wp-content/cache/ HTTP/1.1" 403 146 "-" "WordPress/6.9.4; http://54.169.189.145" "-"
42.113.60.146 - - [15/Mar/2026:22:38:19 +0700] "GET /wp-admin/plugins.php?action=activate&plugin=wp-super-cache%2Fwp-cache.php&plugin_status=all&paged=1&s&_wpnonce=713b954950 HTTP/1.1" 302 5 "http://54.169.189.145/wp-admin/plugins.php" "Mozilla/5.0 (Windows NT 10.0; Win64; x64) AppleWebKit/537.36 (KHTML, like Gecko) Chrome/145.0.0.0 Safari/537.36" "-"
42.113.60.146 - - [15/Mar/2026:22:38:19 +0700] "GET /wp-admin/plugins.php?activate=true&plugin_status=all&paged=1&s= HTTP/1.1" 200 47931 "http://54.169.189.145/wp-admin/plugins.php" "Mozilla/5.0 (Windows NT 10.0; Win64; x64) AppleWebKit/537.36 (KHTML, like Gecko) Chrome/145.0.0.0 Safari/537.36" "-"
42.113.60.146 - - [15/Mar/2026:22:38:20 +0700] "GET /wp-admin/load-styles.php?c=0&dir=ltr&load%5Bchunk_0%5D=dashicons,admin-bar,common,forms,admin-menu,dashboard,list-tables,edit,revisions,media,themes,about,nav-menus,wp-pointer,widgets&load%5Bchunk_1%5D=,site-icon,l10n,buttons,wp-jquery-ui-dialog,wp-auth-check,wp-components,wp-commands,media-views&ver=6.9.4 HTTP/1.1" 200 130027 "http://54.169.189.145/wp-admin/plugins.php?activate=true&plugin_status=all&paged=1&s=" "Mozilla/5.0 (Windows NT 10.0; Win64; x64) AppleWebKit/537.36 (KHTML, like Gecko) Chrome/145.0.0.0 Safari/537.36" "-"
42.115.239.44 - - [15/Mar/2026:22:38:22 +0700] "GET /wp-admin/plugins.php HTTP/1.1" 200 47822 "http://54.169.189.145/wp-admin/" "Mozilla/5.0 (Macintosh; Intel Mac OS X 10_15_7) AppleWebKit/537.36 (KHTML, like Gecko) Chrome/145.0.0.0 Safari/537.36" "-"
42.115.239.44 - - [15/Mar/2026:22:38:22 +0700] "GET /wp-admin/load-styles.php?c=0&dir=ltr&load%5Bchunk_0%5D=dashicons,admin-bar,common,forms,admin-menu,dashboard,list-tables,edit,revisions,media,themes,about,nav-menus,wp-pointer,widgets&load%5Bchunk_1%5D=,site-icon,l10n,buttons,wp-jquery-ui-dialog,wp-auth-check,wp-components,wp-commands,media-views&ver=6.9.4 HTTP/1.1" 200 130027 "http://54.169.189.145/wp-admin/plugins.php" "Mozilla/5.0 (Macintosh; Intel Mac OS X 10_15_7) AppleWebKit/537.36 (KHTML, like Gecko) Chrome/145.0.0.0 Safari/537.36" "-"
42.115.239.44 - - [15/Mar/2026:22:38:25 +0700] "GET /wp-admin/plugins.php?action=activate&plugin=rocket-lazy-load%2Frocket-lazy-load.php&plugin_status=all&paged=1&s&_wpnonce=7169d20a4f HTTP/1.1" 302 5 "http://54.169.189.145/wp-admin/plugins.php" "Mozilla/5.0 (Macintosh; Intel Mac OS X 10_15_7) AppleWebKit/537.36 (KHTML, like Gecko) Chrome/145.0.0.0 Safari/537.36" "-"
42.115.239.44 - - [15/Mar/2026:22:38:25 +0700] "GET /wp-admin/plugins.php?activate=true&plugin_status=all&paged=1&s= HTTP/1.1" 200 47970 "http://54.169.189.145/wp-admin/plugins.php" "Mozilla/5.0 (Macintosh; Intel Mac OS X 10_15_7) AppleWebKit/537.36 (KHTML, like Gecko) Chrome/145.0.0.0 Safari/537.36" "-"
54.169.189.145 - - [15/Mar/2026:22:38:29 +0700] "POST /wp-admin/admin-ajax.php?action=as_async_request_queue_runner&nonce=820b56edf3 HTTP/1.1" 302 5 "-" "WordPress/6.9.4; http://54.169.189.145" "-"
42.113.60.146 - - [15/Mar/2026:22:38:29 +0700] "GET /wp-admin/plugins.php?action=activate&plugin=seo-by-rank-math%2Frank-math.php&plugin_status=all&paged=1&s&_wpnonce=c52a1612dc HTTP/1.1" 302 5 "http://54.169.189.145/wp-admin/plugins.php?plugin_status=all&paged=1&s" "Mozilla/5.0 (Windows NT 10.0; Win64; x64) AppleWebKit/537.36 (KHTML, like Gecko) Chrome/145.0.0.0 Safari/537.36" "-"
42.113.60.146 - - [15/Mar/2026:22:38:29 +0700] "GET /wp-admin/plugins.php?activate=true&plugin_status=all&paged=1&s= HTTP/1.1" 200 48351 "http://54.169.189.145/wp-admin/plugins.php?plugin_status=all&paged=1&s" "Mozilla/5.0 (Windows NT 10.0; Win64; x64) AppleWebKit/537.36 (KHTML, like Gecko) Chrome/145.0.0.0 Safari/537.36" "-"
42.115.239.44 - - [15/Mar/2026:22:38:41 +0700] "POST /wp-admin/plugins.php?plugin_status=all&paged=1&s HTTP/1.1" 302 5 "http://54.169.189.145/wp-admin/plugins.php?plugin_status=all&paged=1&s" "Mozilla/5.0 (Macintosh; Intel Mac OS X 10_15_7) AppleWebKit/537.36 (KHTML, like Gecko) Chrome/145.0.0.0 Safari/537.36" "-"
42.115.239.44 - - [15/Mar/2026:22:38:45 +0700] "GET /wp-admin/plugins.php?activate-multi=true&plugin_status=all&paged=1&s= HTTP/1.1" 200 78105 "http://54.169.189.145/wp-admin/plugins.php?plugin_status=all&paged=1&s" "Mozilla/5.0 (Macintosh; Intel Mac OS X 10_15_7) AppleWebKit/537.36 (KHTML, like Gecko) Chrome/145.0.0.0 Safari/537.36" "-"
42.115.239.44 - - [15/Mar/2026:22:38:45 +0700] "GET /wp-admin/load-styles.php?c=0&dir=ltr&load%5Bchunk_0%5D=dashicons,admin-bar,wp-pointer,common,forms,admin-menu,dashboard,list-tables,edit,revisions,media,themes,about,nav-menus,widgets&load%5Bchunk_1%5D=,site-icon,l10n,buttons,wp-jquery-ui-dialog,wp-auth-check,wp-components,wp-commands,media-views,wp-list-reusable-blocks&ver=6.9.4 HTTP/1.1" 200 131016 "http://54.169.189.145/wp-admin/plugins.php?activate-multi=true&plugin_status=all&paged=1&s=" "Mozilla/5.0 (Macintosh; Intel Mac OS X 10_15_7) AppleWebKit/537.36 (KHTML, like Gecko) Chrome/145.0.0.0 Safari/537.36" "-"
42.115.239.44 - - [15/Mar/2026:22:38:46 +0700] "GET /wp-admin/load-scripts.php?c=0&load%5Bchunk_0%5D=jquery-core,jquery-migrate,utils,wp-hooks,heartbeat,moxiejs,plupload&ver=6.9.4 HTTP/1.1" 200 71063 "http://54.169.189.145/wp-admin/plugins.php?activate-multi=true&plugin_status=all&paged=1&s=" "Mozilla/5.0 (Macintosh; Intel Mac OS X 10_15_7) AppleWebKit/537.36 (KHTML, like Gecko) Chrome/145.0.0.0 Safari/537.36" "-"
42.115.239.44 - - [15/Mar/2026:22:38:46 +0700] "GET /wp-admin/load-scripts.php?c=0&load%5Bchunk_0%5D=hoverIntent,wp-dom-ready&ver=6.9.4 HTTP/1.1" 200 944 "http://54.169.189.145/wp-admin/plugins.php?activate-multi=true&plugin_status=all&paged=1&s=" "Mozilla/5.0 (Macintosh; Intel Mac OS X 10_15_7) AppleWebKit/537.36 (KHTML, like Gecko) Chrome/145.0.0.0 Safari/537.36" "-"
42.113.60.146 - - [15/Mar/2026:22:38:53 +0700] "GET /wp-admin/plugins.php?action=activate&plugin=bit-form%2Fbitforms.php&plugin_status=all&paged=1&s&_wpnonce=52c1eaa71c HTTP/1.1" 302 5 "http://54.169.189.145/wp-admin/plugins.php?plugin_status=all&paged=1&s" "Mozilla/5.0 (Windows NT 10.0; Win64; x64) AppleWebKit/537.36 (KHTML, like Gecko) Chrome/145.0.0.0 Safari/537.36" "-"
42.113.60.146 - - [15/Mar/2026:22:38:54 +0700] "GET /wp-admin/plugins.php?activate=true&plugin_status=all&paged=1&s= HTTP/1.1" 200 72975 "http://54.169.189.145/wp-admin/plugins.php?plugin_status=all&paged=1&s" "Mozilla/5.0 (Windows NT 10.0; Win64; x64) AppleWebKit/537.36 (KHTML, like Gecko) Chrome/145.0.0.0 Safari/537.36" "-"
42.115.239.44 - - [15/Mar/2026:22:38:54 +0700] "POST /wp-admin/admin-ajax.php HTTP/1.1" 200 138 "http://54.169.189.145/wp-admin/plugins.php?plugin_status=all&paged=1&s" "Mozilla/5.0 (Macintosh; Intel Mac OS X 10_15_7) AppleWebKit/537.36 (KHTML, like Gecko) Chrome/145.0.0.0 Safari/537.36" "-"
42.113.60.146 - - [15/Mar/2026:22:38:54 +0700] "GET /wp-admin/load-styles.php?c=0&dir=ltr&load%5Bchunk_0%5D=dashicons,admin-bar,wp-pointer,common,forms,admin-menu,dashboard,list-tables,edit,revisions,media,themes,about,nav-menus,widgets&load%5Bchunk_1%5D=,site-icon,l10n,buttons,wp-jquery-ui-dialog,wp-auth-check,wp-components,wp-commands,media-views,wp-list-reusable-blocks&ver=6.9.4 HTTP/1.1" 200 131016 "http://54.169.189.145/wp-admin/plugins.php?activate=true&plugin_status=all&paged=1&s=" "Mozilla/5.0 (Windows NT 10.0; Win64; x64) AppleWebKit/537.36 (KHTML, like Gecko) Chrome/145.0.0.0 Safari/537.36" "-"
42.113.60.146 - - [15/Mar/2026:22:38:54 +0700] "GET /wp-admin/load-scripts.php?c=0&load%5Bchunk_0%5D=jquery-core,jquery-migrate,utils,wp-hooks,heartbeat,moxiejs,plupload&ver=6.9.4 HTTP/1.1" 200 71055 "http://54.169.189.145/wp-admin/plugins.php?activate=true&plugin_status=all&paged=1&s=" "Mozilla/5.0 (Windows NT 10.0; Win64; x64) AppleWebKit/537.36 (KHTML, like Gecko) Chrome/145.0.0.0 Safari/537.36" "-"
42.113.60.146 - - [15/Mar/2026:22:38:55 +0700] "GET /wp-admin/load-scripts.php?c=0&load%5Bchunk_0%5D=hoverIntent,wp-dom-ready&ver=6.9.4 HTTP/1.1" 200 944 "http://54.169.189.145/wp-admin/plugins.php?activate=true&plugin_status=all&paged=1&s=" "Mozilla/5.0 (Windows NT 10.0; Win64; x64) AppleWebKit/537.36 (KHTML, like Gecko) Chrome/145.0.0.0 Safari/537.36" "-"
42.115.239.44 - - [15/Mar/2026:22:38:59 +0700] "POST /wp-admin/admin-ajax.php HTTP/1.1" 200 68 "http://54.169.189.145/wp-admin/plugins.php?plugin_status=all&paged=1&s" "Mozilla/5.0 (Macintosh; Intel Mac OS X 10_15_7) AppleWebKit/537.36 (KHTML, like Gecko) Chrome/145.0.0.0 Safari/537.36" "-"
42.113.60.146 - - [15/Mar/2026:22:39:02 +0700] "POST /wp-admin/admin-ajax.php HTTP/1.1" 200 138 "http://54.169.189.145/wp-admin/plugins.php?plugin_status=all&paged=1&s" "Mozilla/5.0 (Windows NT 10.0; Win64; x64) AppleWebKit/537.36 (KHTML, like Gecko) Chrome/145.0.0.0 Safari/537.36" "-"
42.115.239.44 - - [15/Mar/2026:22:39:02 +0700] "GET /wp-admin/plugins.php HTTP/1.1" 200 72841 "http://54.169.189.145/wp-admin/plugins.php?plugin_status=all&paged=1&s" "Mozilla/5.0 (Macintosh; Intel Mac OS X 10_15_7) AppleWebKit/537.36 (KHTML, like Gecko) Chrome/145.0.0.0 Safari/537.36" "-"
42.115.239.44 - - [15/Mar/2026:22:39:06 +0700] "POST /wp-admin/admin-ajax.php HTTP/1.1" 200 68 "http://54.169.189.145/wp-admin/plugins.php" "Mozilla/5.0 (Macintosh; Intel Mac OS X 10_15_7) AppleWebKit/537.36 (KHTML, like Gecko) Chrome/145.0.0.0 Safari/537.36" "-"
42.115.239.44 - - [15/Mar/2026:22:39:08 +0700] "POST /wp-admin/admin-ajax.php HTTP/1.1" 200 138 "http://54.169.189.145/wp-admin/plugins.php" "Mozilla/5.0 (Macintosh; Intel Mac OS X 10_15_7) AppleWebKit/537.36 (KHTML, like Gecko) Chrome/145.0.0.0 Safari/537.36" "-"
42.115.239.44 - - [15/Mar/2026:22:39:14 +0700] "GET /wp-admin/plugins.php?bitforms_tracking_opt_out=true&_wpnonce=4dd258c995 HTTP/1.1" 302 5 "http://54.169.189.145/wp-admin/plugins.php" "Mozilla/5.0 (Macintosh; Intel Mac OS X 10_15_7) AppleWebKit/537.36 (KHTML, like Gecko) Chrome/145.0.0.0 Safari/537.36" "-"
42.115.239.44 - - [15/Mar/2026:22:39:14 +0700] "GET /wp-admin/plugins.php?_wpnonce=4dd258c995 HTTP/1.1" 200 72184 "http://54.169.189.145/wp-admin/plugins.php" "Mozilla/5.0 (Macintosh; Intel Mac OS X 10_15_7) AppleWebKit/537.36 (KHTML, like Gecko) Chrome/145.0.0.0 Safari/537.36" "-"
42.115.239.44 - - [15/Mar/2026:22:39:17 +0700] "POST /wp-admin/admin-ajax.php HTTP/1.1" 200 32 "http://54.169.189.145/wp-admin/plugins.php?_wpnonce=4dd258c995" "Mozilla/5.0 (Macintosh; Intel Mac OS X 10_15_7) AppleWebKit/537.36 (KHTML, like Gecko) Chrome/145.0.0.0 Safari/537.36" "-"
42.115.239.44 - - [15/Mar/2026:22:39:20 +0700] "POST /wp-admin/admin-ajax.php HTTP/1.1" 200 138 "http://54.169.189.145/wp-admin/plugins.php?_wpnonce=4dd258c995" "Mozilla/5.0 (Macintosh; Intel Mac OS X 10_15_7) AppleWebKit/537.36 (KHTML, like Gecko) Chrome/145.0.0.0 Safari/537.36" "-"
42.115.239.44 - - [15/Mar/2026:22:39:22 +0700] "POST /wp-admin/admin-ajax.php HTTP/1.1" 200 68 "http://54.169.189.145/wp-admin/plugins.php?_wpnonce=4dd258c995" "Mozilla/5.0 (Macintosh; Intel Mac OS X 10_15_7) AppleWebKit/537.36 (KHTML, like Gecko) Chrome/145.0.0.0 Safari/537.36" "-"
54.169.189.145 - - [15/Mar/2026:22:40:08 +0700] "POST /wp-admin/admin-ajax.php?action=as_async_request_queue_runner&nonce=820b56edf3 HTTP/1.1" 499 0 "-" "WordPress/6.9.4; http://54.169.189.145" "-"
42.113.60.146 - - [15/Mar/2026:22:40:08 +0700] "POST /wp-admin/admin-ajax.php HTTP/1.1" 200 138 "http://54.169.189.145/wp-admin/plugins.php?plugin_status=all&paged=1&s" "Mozilla/5.0 (Windows NT 10.0; Win64; x64) AppleWebKit/537.36 (KHTML, like Gecko) Chrome/145.0.0.0 Safari/537.36" "-"
42.115.239.44 - - [15/Mar/2026:22:40:28 +0700] "POST /wp-admin/admin-ajax.php HTTP/1.1" 200 138 "http://54.169.189.145/wp-admin/plugins.php?_wpnonce=4dd258c995" "Mozilla/5.0 (Macintosh; Intel Mac OS X 10_15_7) AppleWebKit/537.36 (KHTML, like Gecko) Chrome/145.0.0.0 Safari/537.36" "-"
139.59.132.168 - - [15/Mar/2026:22:41:07 +0700] "GET / HTTP/1.1" 200 86725 "-" "-" "-"
42.115.239.44 - - [15/Mar/2026:22:41:34 +0700] "GET /wp-admin/plugin-install.php HTTP/1.1" 200 51262 "http://54.169.189.145/wp-admin/plugins.php?_wpnonce=4dd258c995" "Mozilla/5.0 (Macintosh; Intel Mac OS X 10_15_7) AppleWebKit/537.36 (KHTML, like Gecko) Chrome/145.0.0.0 Safari/537.36" "-"
42.115.239.44 - - [15/Mar/2026:22:41:34 +0700] "POST /wp-admin/admin-ajax.php HTTP/1.1" 499 0 "http://54.169.189.145/wp-admin/plugins.php?_wpnonce=4dd258c995" "Mozilla/5.0 (Macintosh; Intel Mac OS X 10_15_7) AppleWebKit/537.36 (KHTML, like Gecko) Chrome/145.0.0.0 Safari/537.36" "-"
42.115.239.44 - - [15/Mar/2026:22:41:34 +0700] "GET /wp-admin/load-styles.php?c=0&dir=ltr&load%5Bchunk_0%5D=dashicons,admin-bar,wp-pointer,common,forms,admin-menu,dashboard,list-tables,edit,revisions,media,themes,about,nav-menus,widgets&load%5Bchunk_1%5D=,site-icon,l10n,buttons,wp-jquery-ui-dialog,wp-auth-check,wp-components,wp-commands,media-views&ver=6.9.4 HTTP/1.1" 200 130021 "http://54.169.189.145/wp-admin/plugin-install.php" "Mozilla/5.0 (Macintosh; Intel Mac OS X 10_15_7) AppleWebKit/537.36 (KHTML, like Gecko) Chrome/145.0.0.0 Safari/537.36" "-"
54.169.189.145 - - [15/Mar/2026:22:41:36 +0700] "POST /wp-admin/admin-ajax.php?action=as_async_request_queue_runner&nonce=8b579dcebb HTTP/1.1" 499 0 "-" "WordPress/6.9.4; http://54.169.189.145" "-"
42.115.239.44 - - [15/Mar/2026:22:41:40 +0700] "POST /wp-admin/admin-ajax.php HTTP/1.1" 200 137 "http://54.169.189.145/wp-admin/plugin-install.php?s=elem&tab=search&type=term" "Mozilla/5.0 (Macintosh; Intel Mac OS X 10_15_7) AppleWebKit/537.36 (KHTML, like Gecko) Chrome/145.0.0.0 Safari/537.36" "-"
42.115.239.44 - - [15/Mar/2026:22:41:40 +0700] "POST /wp-admin/admin-ajax.php HTTP/1.1" 200 3649 "http://54.169.189.145/wp-admin/plugin-install.php?s=elem&tab=search&type=term" "Mozilla/5.0 (Macintosh; Intel Mac OS X 10_15_7) AppleWebKit/537.36 (KHTML, like Gecko) Chrome/145.0.0.0 Safari/537.36" "-"
42.115.239.44 - - [15/Mar/2026:22:41:52 +0700] "POST /wp-admin/admin-ajax.php HTTP/1.1" 200 9687 "http://54.169.189.145/wp-admin/plugin-install.php?s=elementor&tab=search&type=term" "Mozilla/5.0 (Macintosh; Intel Mac OS X 10_15_7) AppleWebKit/537.36 (KHTML, like Gecko) Chrome/145.0.0.0 Safari/537.36" "-"
42.113.60.146 - - [15/Mar/2026:22:42:03 +0700] "POST /wp-admin/admin-ajax.php HTTP/1.1" 200 138 "http://54.169.189.145/wp-admin/plugins.php?plugin_status=all&paged=1&s" "Mozilla/5.0 (Windows NT 10.0; Win64; x64) AppleWebKit/537.36 (KHTML, like Gecko) Chrome/145.0.0.0 Safari/537.36" "-"
42.115.239.44 - - [15/Mar/2026:22:42:42 +0700] "POST /wp-admin/admin-ajax.php HTTP/1.1" 200 697 "http://54.169.189.145/wp-admin/plugin-install.php?s=elementor&tab=search&type=term" "Mozilla/5.0 (Macintosh; Intel Mac OS X 10_15_7) AppleWebKit/537.36 (KHTML, like Gecko) Chrome/145.0.0.0 Safari/537.36" "-"
42.115.239.44 - - [15/Mar/2026:22:42:44 +0700] "POST /wp-admin/admin-ajax.php HTTP/1.1" 200 138 "http://54.169.189.145/wp-admin/plugin-install.php?s=elementor&tab=search&type=term" "Mozilla/5.0 (Macintosh; Intel Mac OS X 10_15_7) AppleWebKit/537.36 (KHTML, like Gecko) Chrome/145.0.0.0 Safari/537.36" "-"
42.115.239.44 - - [15/Mar/2026:22:42:46 +0700] "POST /wp-admin/admin-ajax.php HTTP/1.1" 200 211 "http://54.169.189.145/wp-admin/plugin-install.php?s=elementor&tab=search&type=term" "Mozilla/5.0 (Macintosh; Intel Mac OS X 10_15_7) AppleWebKit/537.36 (KHTML, like Gecko) Chrome/145.0.0.0 Safari/537.36" "-"
42.115.239.44 - - [15/Mar/2026:22:43:27 +0700] "POST /wp-admin/admin-ajax.php HTTP/1.1" 200 9213 "http://54.169.189.145/wp-admin/plugin-install.php?s=redis-cache&tab=search&type=term" "Mozilla/5.0 (Macintosh; Intel Mac OS X 10_15_7) AppleWebKit/537.36 (KHTML, like Gecko) Chrome/145.0.0.0 Safari/537.36" "-"
42.115.239.44 - - [15/Mar/2026:22:43:38 +0700] "POST /wp-admin/admin-ajax.php HTTP/1.1" 200 442 "http://54.169.189.145/wp-admin/plugin-install.php?s=redis-cache&tab=search&type=term" "Mozilla/5.0 (Macintosh; Intel Mac OS X 10_15_7) AppleWebKit/537.36 (KHTML, like Gecko) Chrome/145.0.0.0 Safari/537.36" "-"
42.115.239.44 - - [15/Mar/2026:22:43:41 +0700] "POST /wp-admin/admin-ajax.php HTTP/1.1" 200 221 "http://54.169.189.145/wp-admin/plugin-install.php?s=redis-cache&tab=search&type=term" "Mozilla/5.0 (Macintosh; Intel Mac OS X 10_15_7) AppleWebKit/537.36 (KHTML, like Gecko) Chrome/145.0.0.0 Safari/537.36" "-"
42.115.239.44 - - [15/Mar/2026:22:43:42 +0700] "POST /wp-admin/admin-ajax.php HTTP/1.1" 200 138 "http://54.169.189.145/wp-admin/plugin-install.php?s=wp-smushit&tab=search&type=term" "Mozilla/5.0 (Macintosh; Intel Mac OS X 10_15_7) AppleWebKit/537.36 (KHTML, like Gecko) Chrome/145.0.0.0 Safari/537.36" "-"
42.115.239.44 - - [15/Mar/2026:22:43:43 +0700] "POST /wp-admin/admin-ajax.php HTTP/1.1" 200 2526 "http://54.169.189.145/wp-admin/plugin-install.php?s=wp-smushit&tab=search&type=term" "Mozilla/5.0 (Macintosh; Intel Mac OS X 10_15_7) AppleWebKit/537.36 (KHTML, like Gecko) Chrome/145.0.0.0 Safari/537.36" "-"
42.113.60.146 - - [15/Mar/2026:22:44:05 +0700] "POST /wp-admin/admin-ajax.php HTTP/1.1" 200 138 "http://54.169.189.145/wp-admin/plugins.php?plugin_status=all&paged=1&s" "Mozilla/5.0 (Windows NT 10.0; Win64; x64) AppleWebKit/537.36 (KHTML, like Gecko) Chrome/145.0.0.0 Safari/537.36" "-"
42.115.239.44 - - [15/Mar/2026:22:44:22 +0700] "GET /wp-admin/load-styles.php?c=0&dir=ltr&load%5Bchunk_0%5D=dashicons,admin-bar,wp-pointer,common,forms,admin-menu,dashboard,list-tables,edit,revisions,media,themes,about,nav-menus,widgets&load%5Bchunk_1%5D=,site-icon,l10n,buttons,wp-jquery-ui-dialog,wp-components,wp-commands,media-views&ver=6.9.4 HTTP/1.1" 200 129616 "http://54.169.189.145/wp-admin/update.php?action=upload-plugin" "Mozilla/5.0 (Macintosh; Intel Mac OS X 10_15_7) AppleWebKit/537.36 (KHTML, like Gecko) Chrome/145.0.0.0 Safari/537.36" "-"
42.115.239.44 - - [15/Mar/2026:22:44:22 +0700] "GET /wp-admin/load-scripts.php?c=0&load%5Bchunk_0%5D=jquery-core,jquery-migrate,utils,wp-hooks,moxiejs,plupload,heartbeat&ver=6.9.4 HTTP/1.1" 200 71100 "http://54.169.189.145/wp-admin/update.php?action=upload-plugin" "Mozilla/5.0 (Macintosh; Intel Mac OS X 10_15_7) AppleWebKit/537.36 (KHTML, like Gecko) Chrome/145.0.0.0 Safari/537.36" "-"
42.115.239.44 - - [15/Mar/2026:22:44:25 +0700] "POST /wp-admin/update.php?action=upload-plugin HTTP/1.1" 200 44009 "http://54.169.189.145/wp-admin/plugin-install.php?s=wp-smushit&tab=search&type=term" "Mozilla/5.0 (Macintosh; Intel Mac OS X 10_15_7) AppleWebKit/537.36 (KHTML, like Gecko) Chrome/145.0.0.0 Safari/537.36" "-"
42.115.239.44 - - [15/Mar/2026:22:44:31 +0700] "POST /wp-admin/admin-ajax.php HTTP/1.1" 200 138 "http://54.169.189.145/wp-admin/update.php?action=upload-plugin" "Mozilla/5.0 (Macintosh; Intel Mac OS X 10_15_7) AppleWebKit/537.36 (KHTML, like Gecko) Chrome/145.0.0.0 Safari/537.36" "-"
42.115.239.44 - - [15/Mar/2026:22:44:33 +0700] "GET /wp-admin/plugin-install.php HTTP/1.1" 200 51456 "http://54.169.189.145/wp-admin/update.php?action=upload-plugin" "Mozilla/5.0 (Macintosh; Intel Mac OS X 10_15_7) AppleWebKit/537.36 (KHTML, like Gecko) Chrome/145.0.0.0 Safari/537.36" "-"
42.115.239.44 - - [15/Mar/2026:22:44:36 +0700] "GET /wp-admin/plugins.php HTTP/1.1" 200 71063 "http://54.169.189.145/wp-admin/plugin-install.php" "Mozilla/5.0 (Macintosh; Intel Mac OS X 10_15_7) AppleWebKit/537.36 (KHTML, like Gecko) Chrome/145.0.0.0 Safari/537.36" "-"
42.115.239.44 - - [15/Mar/2026:22:44:42 +0700] "POST /wp-admin/admin-ajax.php HTTP/1.1" 200 138 "http://54.169.189.145/wp-admin/plugins.php" "Mozilla/5.0 (Macintosh; Intel Mac OS X 10_15_7) AppleWebKit/537.36 (KHTML, like Gecko) Chrome/145.0.0.0 Safari/537.36" "-"
42.115.239.44 - - [15/Mar/2026:22:44:53 +0700] "POST /wp-admin/plugins.php HTTP/1.1" 302 5 "http://54.169.189.145/wp-admin/plugins.php" "Mozilla/5.0 (Macintosh; Intel Mac OS X 10_15_7) AppleWebKit/537.36 (KHTML, like Gecko) Chrome/145.0.0.0 Safari/537.36" "-"
42.115.239.44 - - [15/Mar/2026:22:44:55 +0700] "GET /wp-admin/plugins.php?activate-multi=true&plugin_status=all&paged=1&s= HTTP/1.1" 302 78093 "http://54.169.189.145/wp-admin/plugins.php" "Mozilla/5.0 (Macintosh; Intel Mac OS X 10_15_7) AppleWebKit/537.36 (KHTML, like Gecko) Chrome/145.0.0.0 Safari/537.36" "-"
42.115.239.44 - - [15/Mar/2026:22:44:56 +0700] "GET /wp-admin/options-general.php?page=redis-cache HTTP/1.1" 200 60894 "http://54.169.189.145/wp-admin/plugins.php" "Mozilla/5.0 (Macintosh; Intel Mac OS X 10_15_7) AppleWebKit/537.36 (KHTML, like Gecko) Chrome/145.0.0.0 Safari/537.36" "-"
42.115.239.44 - - [15/Mar/2026:22:45:00 +0700] "GET /wp-admin/options-general.php?page=redis-cache&action=enable-cache&_wpnonce=1272666552 HTTP/1.1" 302 5 "http://54.169.189.145/wp-admin/options-general.php?page=redis-cache" "Mozilla/5.0 (Macintosh; Intel Mac OS X 10_15_7) AppleWebKit/537.36 (KHTML, like Gecko) Chrome/145.0.0.0 Safari/537.36" "-"
42.115.239.44 - - [15/Mar/2026:22:45:02 +0700] "POST /wp-admin/admin-ajax.php HTTP/1.1" 200 138 "http://54.169.189.145/wp-admin/options-general.php?page=redis-cache" "Mozilla/5.0 (Macintosh; Intel Mac OS X 10_15_7) AppleWebKit/537.36 (KHTML, like Gecko) Chrome/145.0.0.0 Safari/537.36" "-"
42.115.239.44 - - [15/Mar/2026:22:45:02 +0700] "POST /wp-admin/admin-ajax.php HTTP/1.1" 200 107 "http://54.169.189.145/wp-admin/options-general.php?page=redis-cache" "Mozilla/5.0 (Macintosh; Intel Mac OS X 10_15_7) AppleWebKit/537.36 (KHTML, like Gecko) Chrome/145.0.0.0 Safari/537.36" "-"
42.115.239.44 - - [15/Mar/2026:22:45:03 +0700] "GET /wp-admin/options-general.php?page=redis-cache&settings-updated=1 HTTP/1.1" 200 61399 "http://54.169.189.145/wp-admin/options-general.php?page=redis-cache" "Mozilla/5.0 (Macintosh; Intel Mac OS X 10_15_7) AppleWebKit/537.36 (KHTML, like Gecko) Chrome/145.0.0.0 Safari/537.36" "-"
42.115.239.44 - - [15/Mar/2026:22:45:06 +0700] "POST /wp-admin/admin-ajax.php HTTP/1.1" 200 107 "http://54.169.189.145/wp-admin/options-general.php?page=redis-cache" "Mozilla/5.0 (Macintosh; Intel Mac OS X 10_15_7) AppleWebKit/537.36 (KHTML, like Gecko) Chrome/145.0.0.0 Safari/537.36" "-"
42.115.239.44 - - [15/Mar/2026:22:45:07 +0700] "GET /wp-admin/options-general.php?page=redis-cache&action=flush-cache&_wpnonce=b5c3789748 HTTP/1.1" 302 5 "http://54.169.189.145/wp-admin/options-general.php?page=redis-cache" "Mozilla/5.0 (Macintosh; Intel Mac OS X 10_15_7) AppleWebKit/537.36 (KHTML, like Gecko) Chrome/145.0.0.0 Safari/537.36" "-"
42.115.239.44 - - [15/Mar/2026:22:45:09 +0700] "POST /wp-admin/admin-ajax.php HTTP/1.1" 200 137 "http://54.169.189.145/wp-admin/options-general.php?page=redis-cache" "Mozilla/5.0 (Macintosh; Intel Mac OS X 10_15_7) AppleWebKit/537.36 (KHTML, like Gecko) Chrome/145.0.0.0 Safari/537.36" "-"
42.115.239.44 - - [15/Mar/2026:22:45:11 +0700] "GET /wp-admin/options-general.php?page=redis-cache&settings-updated=1 HTTP/1.1" 200 60937 "http://54.169.189.145/wp-admin/options-general.php?page=redis-cache" "Mozilla/5.0 (Macintosh; Intel Mac OS X 10_15_7) AppleWebKit/537.36 (KHTML, like Gecko) Chrome/145.0.0.0 Safari/537.36" "-"
42.115.239.44 - - [15/Mar/2026:22:45:19 +0700] "POST /wp-admin/admin-ajax.php HTTP/1.1" 200 137 "http://54.169.189.145/wp-admin/options-general.php?page=redis-cache" "Mozilla/5.0 (Macintosh; Intel Mac OS X 10_15_7) AppleWebKit/537.36 (KHTML, like Gecko) Chrome/145.0.0.0 Safari/537.36" "-"
168.110.219.125 - - [15/Mar/2026:22:45:58 +0700] "\x05\x01\x00" 400 150 "-" "-" "-"
168.110.219.125 - - [15/Mar/2026:22:45:58 +0700] "\x05\x01\x00" 400 150 "-" "-" "-"
42.113.60.146 - - [15/Mar/2026:22:46:05 +0700] "POST /wp-admin/admin-ajax.php HTTP/1.1" 200 138 "http://54.169.189.145/wp-admin/plugins.php?plugin_status=all&paged=1&s" "Mozilla/5.0 (Windows NT 10.0; Win64; x64) AppleWebKit/537.36 (KHTML, like Gecko) Chrome/145.0.0.0 Safari/537.36" "-"
42.115.239.44 - - [15/Mar/2026:22:46:20 +0700] "POST /wp-admin/admin-ajax.php HTTP/1.1" 200 137 "http://54.169.189.145/wp-admin/options-general.php?page=redis-cache" "Mozilla/5.0 (Macintosh; Intel Mac OS X 10_15_7) AppleWebKit/537.36 (KHTML, like Gecko) Chrome/145.0.0.0 Safari/537.36" "-"
42.115.239.44 - - [15/Mar/2026:22:47:18 +0700] "GET /wp-admin/edit.php?post_type=booking&page=wptravelengine-admin-page HTTP/1.1" 200 62769 "http://54.169.189.145/wp-admin/options-general.php?page=redis-cache" "Mozilla/5.0 (Macintosh; Intel Mac OS X 10_15_7) AppleWebKit/537.36 (KHTML, like Gecko) Chrome/145.0.0.0 Safari/537.36" "-"
42.115.239.44 - - [15/Mar/2026:22:47:18 +0700] "GET /wp-admin/load-styles.php?c=0&dir=ltr&load%5Bchunk_0%5D=dashicons,admin-bar,wp-pointer,common,forms,admin-menu,dashboard,list-tables,edit,revisions,media,themes,about,nav-menus,widgets&load%5Bchunk_1%5D=,site-icon,l10n,buttons,wp-jquery-ui-dialog,wp-auth-check,wp-components,wp-commands,media-views,editor-buttons&ver=6.9.4 HTTP/1.1" 200 135423 "http://54.169.189.145/wp-admin/edit.php?post_type=booking&page=wptravelengine-admin-page" "Mozilla/5.0 (Macintosh; Intel Mac OS X 10_15_7) AppleWebKit/537.36 (KHTML, like Gecko) Chrome/145.0.0.0 Safari/537.36" "-"
42.115.239.44 - - [15/Mar/2026:22:47:21 +0700] "GET /wp-json/wptravelengine/v1/dashboard/tutorials?per_page=100&_locale=user HTTP/1.1" 200 1350 "http://54.169.189.145/wp-admin/edit.php?post_type=booking&page=wptravelengine-dashboard&page_tab=tutorials" "Mozilla/5.0 (Macintosh; Intel Mac OS X 10_15_7) AppleWebKit/537.36 (KHTML, like Gecko) Chrome/145.0.0.0 Safari/537.36" "-"
42.115.239.44 - - [15/Mar/2026:22:47:24 +0700] "POST /wp-admin/admin-ajax.php HTTP/1.1" 200 138 "http://54.169.189.145/wp-admin/edit.php?post_type=booking&page=wptravelengine-dashboard&page_tab=tutorials" "Mozilla/5.0 (Macintosh; Intel Mac OS X 10_15_7) AppleWebKit/537.36 (KHTML, like Gecko) Chrome/145.0.0.0 Safari/537.36" "-"
42.113.60.146 - - [15/Mar/2026:22:48:06 +0700] "POST /wp-admin/admin-ajax.php HTTP/1.1" 200 138 "http://54.169.189.145/wp-admin/plugins.php?plugin_status=all&paged=1&s" "Mozilla/5.0 (Windows NT 10.0; Win64; x64) AppleWebKit/537.36 (KHTML, like Gecko) Chrome/145.0.0.0 Safari/537.36" "-"
42.115.239.44 - - [15/Mar/2026:22:48:24 +0700] "POST /wp-admin/admin-ajax.php HTTP/1.1" 200 138 "http://54.169.189.145/wp-admin/edit.php?post_type=booking&page=wptravelengine-dashboard&page_tab=tutorials" "Mozilla/5.0 (Macintosh; Intel Mac OS X 10_15_7) AppleWebKit/537.36 (KHTML, like Gecko) Chrome/145.0.0.0 Safari/537.36" "-"
42.113.60.146 - - [15/Mar/2026:22:49:08 +0700] "POST /wp-admin/admin-ajax.php HTTP/1.1" 200 138 "http://54.169.189.145/wp-admin/plugins.php?plugin_status=all&paged=1&s" "Mozilla/5.0 (Windows NT 10.0; Win64; x64) AppleWebKit/537.36 (KHTML, like Gecko) Chrome/145.0.0.0 Safari/537.36" "-"
42.115.239.44 - - [15/Mar/2026:22:50:27 +0700] "POST /wp-admin/admin-ajax.php HTTP/1.1" 200 138 "http://54.169.189.145/wp-admin/edit.php?post_type=booking&page=wptravelengine-dashboard&page_tab=tutorials" "Mozilla/5.0 (Macintosh; Intel Mac OS X 10_15_7) AppleWebKit/537.36 (KHTML, like Gecko) Chrome/145.0.0.0 Safari/537.36" "-"
42.113.60.146 - - [15/Mar/2026:22:51:09 +0700] "POST /wp-admin/admin-ajax.php HTTP/1.1" 200 138 "http://54.169.189.145/wp-admin/plugins.php?plugin_status=all&paged=1&s" "Mozilla/5.0 (Windows NT 10.0; Win64; x64) AppleWebKit/537.36 (KHTML, like Gecko) Chrome/145.0.0.0 Safari/537.36" "-"
42.115.239.44 - - [15/Mar/2026:22:51:28 +0700] "POST /wp-admin/admin-ajax.php HTTP/1.1" 200 137 "http://54.169.189.145/wp-admin/edit.php?post_type=booking&page=wptravelengine-dashboard&page_tab=tutorials" "Mozilla/5.0 (Macintosh; Intel Mac OS X 10_15_7) AppleWebKit/537.36 (KHTML, like Gecko) Chrome/145.0.0.0 Safari/537.36" "-"
42.115.239.44 - - [15/Mar/2026:22:52:29 +0700] "POST /wp-admin/admin-ajax.php HTTP/1.1" 200 138 "http://54.169.189.145/wp-admin/edit.php?post_type=booking&page=wptravelengine-dashboard&page_tab=tutorials" "Mozilla/5.0 (Macintosh; Intel Mac OS X 10_15_7) AppleWebKit/537.36 (KHTML, like Gecko) Chrome/145.0.0.0 Safari/537.36" "-"
42.113.60.146 - - [15/Mar/2026:22:53:10 +0700] "POST /wp-admin/admin-ajax.php HTTP/1.1" 200 137 "http://54.169.189.145/wp-admin/plugins.php?plugin_status=all&paged=1&s" "Mozilla/5.0 (Windows NT 10.0; Win64; x64) AppleWebKit/537.36 (KHTML, like Gecko) Chrome/145.0.0.0 Safari/537.36" "-"
42.115.239.44 - - [15/Mar/2026:22:54:31 +0700] "POST /wp-admin/admin-ajax.php HTTP/1.1" 200 137 "http://54.169.189.145/wp-admin/edit.php?post_type=booking&page=wptravelengine-dashboard&page_tab=tutorials" "Mozilla/5.0 (Macintosh; Intel Mac OS X 10_15_7) AppleWebKit/537.36 (KHTML, like Gecko) Chrome/145.0.0.0 Safari/537.36" "-"
42.113.60.146 - - [15/Mar/2026:22:55:10 +0700] "POST /wp-admin/admin-ajax.php HTTP/1.1" 200 137 "http://54.169.189.145/wp-admin/plugins.php?plugin_status=all&paged=1&s" "Mozilla/5.0 (Windows NT 10.0; Win64; x64) AppleWebKit/537.36 (KHTML, like Gecko) Chrome/145.0.0.0 Safari/537.36" "-"
42.113.60.146 - - [15/Mar/2026:22:55:28 +0700] "GET / HTTP/1.1" 200 34637 "https://l.facebook.com/" "Mozilla/5.0 (Windows NT 10.0; Win64; x64) AppleWebKit/537.36 (KHTML, like Gecko) Chrome/145.0.0.0 Safari/537.36" "-"
42.113.60.146 - - [15/Mar/2026:22:56:02 +0700] "GET / HTTP/1.1" 200 34637 "https://l.facebook.com/" "Mozilla/5.0 (Windows NT 10.0; Win64; x64) AppleWebKit/537.36 (KHTML, like Gecko) Chrome/145.0.0.0 Safari/537.36" "-"
42.115.239.44 - - [15/Mar/2026:22:56:31 +0700] "POST /wp-admin/admin-ajax.php HTTP/1.1" 200 137 "http://54.169.189.145/wp-admin/edit.php?post_type=booking&page=wptravelengine-dashboard&page_tab=tutorials" "Mozilla/5.0 (Macintosh; Intel Mac OS X 10_15_7) AppleWebKit/537.36 (KHTML, like Gecko) Chrome/145.0.0.0 Safari/537.36" "-"
42.113.60.146 - - [15/Mar/2026:22:57:12 +0700] "POST /wp-admin/admin-ajax.php HTTP/1.1" 200 137 "http://54.169.189.145/wp-admin/plugins.php?plugin_status=all&paged=1&s" "Mozilla/5.0 (Windows NT 10.0; Win64; x64) AppleWebKit/537.36 (KHTML, like Gecko) Chrome/145.0.0.0 Safari/537.36" "-"
42.115.239.44 - - [15/Mar/2026:22:58:39 +0700] "POST /wp-admin/admin-ajax.php HTTP/1.1" 200 137 "http://54.169.189.145/wp-admin/edit.php?post_type=booking&page=wptravelengine-dashboard&page_tab=tutorials" "Mozilla/5.0 (Macintosh; Intel Mac OS X 10_15_7) AppleWebKit/537.36 (KHTML, like Gecko) Chrome/145.0.0.0 Safari/537.36" "-"
42.115.239.44 - - [15/Mar/2026:23:00:41 +0700] "POST /wp-admin/admin-ajax.php HTTP/1.1" 200 137 "http://54.169.189.145/wp-admin/edit.php?post_type=booking&page=wptravelengine-dashboard&page_tab=tutorials" "Mozilla/5.0 (Macintosh; Intel Mac OS X 10_15_7) AppleWebKit/537.36 (KHTML, like Gecko) Chrome/145.0.0.0 Safari/537.36" "-"
42.113.60.146 - - [15/Mar/2026:23:00:43 +0700] "POST /wp-admin/admin-ajax.php HTTP/1.1" 200 137 "http://54.169.189.145/wp-admin/plugins.php?plugin_status=all&paged=1&s" "Mozilla/5.0 (Windows NT 10.0; Win64; x64) AppleWebKit/537.36 (KHTML, like Gecko) Chrome/145.0.0.0 Safari/537.36" "-"
42.113.60.146 - - [15/Mar/2026:23:00:48 +0700] "GET /wp-admin/admin.php?page=wptravelengine-admin-page HTTP/1.1" 200 59590 "http://54.169.189.145/wp-admin/plugins.php?plugin_status=all&paged=1&s" "Mozilla/5.0 (Windows NT 10.0; Win64; x64) AppleWebKit/537.36 (KHTML, like Gecko) Chrome/145.0.0.0 Safari/537.36" "-"
42.113.60.146 - - [15/Mar/2026:23:00:48 +0700] "GET /wp-admin/load-styles.php?c=0&dir=ltr&load%5Bchunk_0%5D=dashicons,admin-bar,wp-pointer,common,forms,admin-menu,dashboard,list-tables,edit,revisions,media,themes,about,nav-menus,widgets&load%5Bchunk_1%5D=,site-icon,l10n,buttons,wp-jquery-ui-dialog,wp-auth-check,wp-components,wp-commands,media-views&ver=6.9.4 HTTP/1.1" 200 130021 "http://54.169.189.145/wp-admin/admin.php?page=wptravelengine-admin-page" "Mozilla/5.0 (Windows NT 10.0; Win64; x64) AppleWebKit/537.36 (KHTML, like Gecko) Chrome/145.0.0.0 Safari/537.36" "-"
42.113.60.146 - - [15/Mar/2026:23:00:57 +0700] "POST /wp-admin/admin-ajax.php HTTP/1.1" 200 137 "http://54.169.189.145/wp-admin/admin.php?page=wptravelengine-admin-page" "Mozilla/5.0 (Windows NT 10.0; Win64; x64) AppleWebKit/537.36 (KHTML, like Gecko) Chrome/145.0.0.0 Safari/537.36" "-"
42.113.60.146 - - [15/Mar/2026:23:00:59 +0700] "GET /wp-json/wptravelengine/v1/dashboard/tutorials?per_page=100&_locale=user HTTP/1.1" 200 1350 "http://54.169.189.145/wp-admin/admin.php?post_type=booking&page=wptravelengine-dashboard&page_tab=tutorials" "Mozilla/5.0 (Windows NT 10.0; Win64; x64) AppleWebKit/537.36 (KHTML, like Gecko) Chrome/145.0.0.0 Safari/537.36" "-"
18.218.118.203 - - [15/Mar/2026:23:01:10 +0700] "" 400 0 "-" "-" "-"
42.115.239.44 - - [15/Mar/2026:23:01:18 +0700] "GET /wp-admin/admin.php?page=wptravelengine-admin-page HTTP/1.1" 200 59594 "http://54.169.189.145/wp-admin/edit.php?post_type=booking&page=wptravelengine-dashboard&page_tab=tutorials" "Mozilla/5.0 (Macintosh; Intel Mac OS X 10_15_7) AppleWebKit/537.36 (KHTML, like Gecko) Chrome/145.0.0.0 Safari/537.36" "-"
42.115.239.44 - - [15/Mar/2026:23:01:25 +0700] "POST /wp-admin/admin-ajax.php HTTP/1.1" 200 138 "http://54.169.189.145/wp-admin/admin.php?page=wptravelengine-admin-page" "Mozilla/5.0 (Macintosh; Intel Mac OS X 10_15_7) AppleWebKit/537.36 (KHTML, like Gecko) Chrome/145.0.0.0 Safari/537.36" "-"
42.115.239.44 - - [15/Mar/2026:23:01:29 +0700] "GET /wp-admin/admin.php?page=loginwp-redirections HTTP/1.1" 200 62666 "http://54.169.189.145/wp-admin/admin.php?page=wptravelengine-admin-page" "Mozilla/5.0 (Macintosh; Intel Mac OS X 10_15_7) AppleWebKit/537.36 (KHTML, like Gecko) Chrome/145.0.0.0 Safari/537.36" "-"
42.115.239.44 - - [15/Mar/2026:23:01:35 +0700] "POST /wp-admin/admin-ajax.php HTTP/1.1" 200 137 "http://54.169.189.145/wp-admin/admin.php?page=loginwp-redirections" "Mozilla/5.0 (Macintosh; Intel Mac OS X 10_15_7) AppleWebKit/537.36 (KHTML, like Gecko) Chrome/145.0.0.0 Safari/537.36" "-"
42.115.239.44 - - [15/Mar/2026:23:01:44 +0700] "GET /wp-admin/edit.php?post_type=booking&page=wptravelengine-analytics HTTP/1.1" 200 62798 "http://54.169.189.145/wp-admin/admin.php?page=loginwp-redirections" "Mozilla/5.0 (Macintosh; Intel Mac OS X 10_15_7) AppleWebKit/537.36 (KHTML, like Gecko) Chrome/145.0.0.0 Safari/537.36" "-"
42.115.239.44 - - [15/Mar/2026:23:01:45 +0700] "GET /wp-json/wptravelengine/v1/analytics/datefilter?source=Overview&filter_type=this_month&_locale=user HTTP/1.1" 200 229 "http://54.169.189.145/wp-admin/edit.php?post_type=booking&page=wptravelengine-analytics" "Mozilla/5.0 (Macintosh; Intel Mac OS X 10_15_7) AppleWebKit/537.36 (KHTML, like Gecko) Chrome/145.0.0.0 Safari/537.36" "-"
42.115.239.44 - - [15/Mar/2026:23:01:48 +0700] "GET /wp-admin/edit.php?post_type=site-review HTTP/1.1" 200 66937 "http://54.169.189.145/wp-admin/edit.php?post_type=booking&page=wptravelengine-analytics" "Mozilla/5.0 (Macintosh; Intel Mac OS X 10_15_7) AppleWebKit/537.36 (KHTML, like Gecko) Chrome/145.0.0.0 Safari/537.36" "-"
42.115.239.44 - - [15/Mar/2026:23:01:49 +0700] "GET /wp-admin/load-scripts.php?c=0&load%5Bchunk_0%5D=jquery-core,jquery-migrate,utils,wp-hooks&ver=6.9.4 HTTP/1.1" 200 37078 "http://54.169.189.145/wp-admin/edit.php?post_type=site-review" "Mozilla/5.0 (Macintosh; Intel Mac OS X 10_15_7) AppleWebKit/537.36 (KHTML, like Gecko) Chrome/145.0.0.0 Safari/537.36" "-"
42.115.239.44 - - [15/Mar/2026:23:01:49 +0700] "GET /wp-admin/load-styles.php?c=0&dir=ltr&load%5Bchunk_0%5D=dashicons,admin-bar,wp-pointer,common,forms,admin-menu,dashboard,list-tables,edit,revisions,media,themes,about,nav-menus,widgets&load%5Bchunk_1%5D=,site-icon,l10n,buttons,wp-jquery-ui-dialog,wp-auth-check,wp-components,wp-commands,media-views,wp-color-picker,wp-list-reusable&load%5Bchunk_2%5D=-blocks&ver=6.9.4 HTTP/1.1" 200 131576 "http://54.169.189.145/wp-admin/edit.php?post_type=site-review" "Mozilla/5.0 (Macintosh; Intel Mac OS X 10_15_7) AppleWebKit/537.36 (KHTML, like Gecko) Chrome/145.0.0.0 Safari/537.36" "-"
42.113.60.146 - - [15/Mar/2026:23:01:57 +0700] "POST /wp-admin/admin-ajax.php HTTP/1.1" 200 137 "http://54.169.189.145/wp-admin/admin.php?post_type=booking&page=wptravelengine-dashboard&page_tab=tutorials" "Mozilla/5.0 (Windows NT 10.0; Win64; x64) AppleWebKit/537.36 (KHTML, like Gecko) Chrome/145.0.0.0 Safari/537.36" "-"
42.115.239.44 - - [15/Mar/2026:23:01:59 +0700] "GET /wp-admin/edit.php HTTP/1.1" 200 65022 "http://54.169.189.145/wp-admin/edit.php?post_type=site-review" "Mozilla/5.0 (Macintosh; Intel Mac OS X 10_15_7) AppleWebKit/537.36 (KHTML, like Gecko) Chrome/145.0.0.0 Safari/537.36" "-"
42.115.239.44 - - [15/Mar/2026:23:02:06 +0700] "GET /wp-admin/load-styles.php?c=0&dir=ltr&load%5Bchunk_0%5D=dashicons,admin-bar,wp-pointer,buttons,media-views,editor-buttons,wp-components,wp-preferences,wp-block-editor,wp-reusable-block&load%5Bchunk_1%5D=s,wp-patterns,wp-editor,common,forms,wp-reset-editor-styles,wp-block-library,wp-block-editor-content,wp-editor-classic-layout-st&load%5Bchunk_2%5D=yles,wp-block-library-theme,wp-edit-blocks,wp-commands,wp-edit-post,wp-block-directory,wp-format-library,admin-menu,dashboard,li&load%5Bchunk_3%5D=st-tables,edit,revisions,media,themes,about,nav-menus,widgets,site-icon,l10n,wp-jquery-ui-dialog,wp-auth-check,classic-theme-sty&load%5Bchunk_4%5D=les,wp-color-picker,wp-list-reusable-blocks&ver=6.9.4 HTTP/1.1" 200 198489 "http://54.169.189.145/wp-admin/post-new.php" "Mozilla/5.0 (Macintosh; Intel Mac OS X 10_15_7) AppleWebKit/537.36 (KHTML, like Gecko) Chrome/145.0.0.0 Safari/537.36" "-"
42.115.239.44 - - [15/Mar/2026:23:02:06 +0700] "GET /wp-admin/post-new.php HTTP/1.1" 200 196788 "http://54.169.189.145/wp-admin/edit.php" "Mozilla/5.0 (Macintosh; Intel Mac OS X 10_15_7) AppleWebKit/537.36 (KHTML, like Gecko) Chrome/145.0.0.0 Safari/537.36" "-"
42.115.239.44 - - [15/Mar/2026:23:02:06 +0700] "GET /wp-admin/load-scripts.php?c=0&load%5Bchunk_0%5D=jquery-core,jquery-migrate,utils,wp-dom-ready,wp-hooks&ver=6.9.4 HTTP/1.1" 200 37216 "http://54.169.189.145/wp-admin/post-new.php" "Mozilla/5.0 (Macintosh; Intel Mac OS X 10_15_7) AppleWebKit/537.36 (KHTML, like Gecko) Chrome/145.0.0.0 Safari/537.36" "-"
42.115.239.44 - - [15/Mar/2026:23:02:06 +0700] "GET /wp-admin/load-scripts.php?c=0&load%5Bchunk_0%5D=hoverIntent&ver=6.9.4 HTTP/1.1" 200 719 "http://54.169.189.145/wp-admin/post-new.php" "Mozilla/5.0 (Macintosh; Intel Mac OS X 10_15_7) AppleWebKit/537.36 (KHTML, like Gecko) Chrome/145.0.0.0 Safari/537.36" "-"
42.115.239.44 - - [15/Mar/2026:23:02:08 +0700] "GET /wp-json/wp/v2/templates/lookup?slug=front-page&_locale=user HTTP/1.1" 200 33 "http://54.169.189.145/wp-admin/post-new.php" "Mozilla/5.0 (Macintosh; Intel Mac OS X 10_15_7) AppleWebKit/537.36 (KHTML, like Gecko) Chrome/145.0.0.0 Safari/537.36" "-"
42.115.239.44 - - [15/Mar/2026:23:02:08 +0700] "OPTIONS /wp-json/wp/v2/settings?_locale=user HTTP/1.1" 200 1251 "http://54.169.189.145/wp-admin/post-new.php" "Mozilla/5.0 (Macintosh; Intel Mac OS X 10_15_7) AppleWebKit/537.36 (KHTML, like Gecko) Chrome/145.0.0.0 Safari/537.36" "-"
42.115.239.44 - - [15/Mar/2026:23:02:08 +0700] "GET /wp-json/wp/v2/comments?context=edit&post=30&type=note&status=all&per_page=100&_locale=user HTTP/1.1" 200 33 "http://54.169.189.145/wp-admin/post-new.php" "Mozilla/5.0 (Macintosh; Intel Mac OS X 10_15_7) AppleWebKit/537.36 (KHTML, like Gecko) Chrome/145.0.0.0 Safari/537.36" "-"
42.115.239.44 - - [15/Mar/2026:23:02:08 +0700] "GET /wp-json/wp/v2/wp_pattern_category?context=view&per_page=100&_fields=id%2Cname%2Cdescription%2Cslug&_locale=user HTTP/1.1" 200 33 "http://54.169.189.145/wp-admin/post-new.php" "Mozilla/5.0 (Macintosh; Intel Mac OS X 10_15_7) AppleWebKit/537.36 (KHTML, like Gecko) Chrome/145.0.0.0 Safari/537.36" "-"
42.115.239.44 - - [15/Mar/2026:23:02:08 +0700] "GET /wp-json/wp/v2/taxonomies?context=edit&per_page=100&_locale=user HTTP/1.1" 200 2259 "http://54.169.189.145/wp-admin/post-new.php" "Mozilla/5.0 (Macintosh; Intel Mac OS X 10_15_7) AppleWebKit/537.36 (KHTML, like Gecko) Chrome/145.0.0.0 Safari/537.36" "-"
42.115.239.44 - - [15/Mar/2026:23:02:08 +0700] "OPTIONS /wp-json/wp/v2/posts?lang=vi&_locale=user HTTP/1.1" 200 3001 "http://54.169.189.145/wp-admin/post-new.php" "Mozilla/5.0 (Macintosh; Intel Mac OS X 10_15_7) AppleWebKit/537.36 (KHTML, like Gecko) Chrome/145.0.0.0 Safari/537.36" "-"
42.115.239.44 - - [15/Mar/2026:23:02:08 +0700] "GET /wp-json/wp/v2/blocks?context=edit&per_page=100&page=1&lang=vi&_locale=user HTTP/1.1" 200 33 "http://54.169.189.145/wp-admin/post-new.php" "Mozilla/5.0 (Macintosh; Intel Mac OS X 10_15_7) AppleWebKit/537.36 (KHTML, like Gecko) Chrome/145.0.0.0 Safari/537.36" "-"
42.115.239.44 - - [15/Mar/2026:23:02:11 +0700] "GET /wp-json/wp/v2/block-patterns/patterns?_locale=user HTTP/1.1" 200 20064 "http://54.169.189.145/wp-admin/post-new.php" "Mozilla/5.0 (Macintosh; Intel Mac OS X 10_15_7) AppleWebKit/537.36 (KHTML, like Gecko) Chrome/145.0.0.0 Safari/537.36" "-"
42.115.239.44 - - [15/Mar/2026:23:02:12 +0700] "POST /wp-admin/admin-ajax.php HTTP/1.1" 200 163 "http://54.169.189.145/wp-admin/post-new.php" "Mozilla/5.0 (Macintosh; Intel Mac OS X 10_15_7) AppleWebKit/537.36 (KHTML, like Gecko) Chrome/145.0.0.0 Safari/537.36" "-"
18.218.118.203 - - [15/Mar/2026:23:02:15 +0700] "GET / HTTP/1.1" 200 17986 "-" "visionheight.com/scan Mozilla/5.0 (Macintosh; Intel Mac OS X 10_15_7) Chrome/126.0.0.0 Safari/537.36" "-"
42.115.239.44 - - [15/Mar/2026:23:02:17 +0700] "POST /wp-json/wp/v2/posts/30?_locale=user HTTP/1.1" 200 895 "http://54.169.189.145/wp-admin/post-new.php" "Mozilla/5.0 (Macintosh; Intel Mac OS X 10_15_7) AppleWebKit/537.36 (KHTML, like Gecko) Chrome/145.0.0.0 Safari/537.36" "-"
42.115.239.44 - - [15/Mar/2026:23:02:18 +0700] "POST /wp-admin/post.php?post=30&action=edit&meta-box-loader=1&meta-box-loader-nonce=027648a44d&_locale=user HTTP/1.1" 302 5 "http://54.169.189.145/wp-admin/post.php?post=30&action=edit" "Mozilla/5.0 (Macintosh; Intel Mac OS X 10_15_7) AppleWebKit/537.36 (KHTML, like Gecko) Chrome/145.0.0.0 Safari/537.36" "-"
