95.85.234.50 - - [15/Mar/2026:21:26:02 +0700] "GET /ws/ec/vendor/phpunit/phpunit/src/Util/PHP/eval-stdin.php HTTP/1.1" 404 146 "-" "libredtail-http" "-"
95.85.234.50 - - [15/Mar/2026:21:26:02 +0700] "GET /V2/vendor/phpunit/phpunit/src/Util/PHP/eval-stdin.php HTTP/1.1" 404 146 "-" "libredtail-http" "-"
95.85.234.50 - - [15/Mar/2026:21:26:02 +0700] "GET /tests/vendor/phpunit/phpunit/src/Util/PHP/eval-stdin.php HTTP/1.1" 404 146 "-" "libredtail-http" "-"
95.85.234.50 - - [15/Mar/2026:21:26:03 +0700] "GET /test/vendor/phpunit/phpunit/src/Util/PHP/eval-stdin.php HTTP/1.1" 404 146 "-" "libredtail-http" "-"
95.85.234.50 - - [15/Mar/2026:21:26:03 +0700] "GET /testing/vendor/phpunit/phpunit/src/Util/PHP/eval-stdin.php HTTP/1.1" 404 146 "-" "libredtail-http" "-"
95.85.234.50 - - [15/Mar/2026:21:26:03 +0700] "GET /api/vendor/phpunit/phpunit/src/Util/PHP/eval-stdin.php HTTP/1.1" 404 146 "-" "libredtail-http" "-"
95.85.234.50 - - [15/Mar/2026:21:26:03 +0700] "GET /demo/vendor/phpunit/phpunit/src/Util/PHP/eval-stdin.php HTTP/1.1" 404 146 "-" "libredtail-http" "-"
95.85.234.50 - - [15/Mar/2026:21:26:03 +0700] "GET /cms/vendor/phpunit/phpunit/src/Util/PHP/eval-stdin.php HTTP/1.1" 404 146 "-" "libredtail-http" "-"
95.85.234.50 - - [15/Mar/2026:21:26:03 +0700] "GET /crm/vendor/phpunit/phpunit/src/Util/PHP/eval-stdin.php HTTP/1.1" 404 146 "-" "libredtail-http" "-"
95.85.234.50 - - [15/Mar/2026:21:26:03 +0700] "GET /admin/vendor/phpunit/phpunit/src/Util/PHP/eval-stdin.php HTTP/1.1" 404 146 "-" "libredtail-http" "-"
95.85.234.50 - - [15/Mar/2026:21:26:04 +0700] "GET /backup/vendor/phpunit/phpunit/src/Util/PHP/eval-stdin.php HTTP/1.1" 404 146 "-" "libredtail-http" "-"
95.85.234.50 - - [15/Mar/2026:21:26:04 +0700] "GET /blog/vendor/phpunit/phpunit/src/Util/PHP/eval-stdin.php HTTP/1.1" 404 146 "-" "libredtail-http" "-"
95.85.234.50 - - [15/Mar/2026:21:26:04 +0700] "GET /workspace/drupal/vendor/phpunit/phpunit/src/Util/PHP/eval-stdin.php HTTP/1.1" 404 146 "-" "libredtail-http" "-"
95.85.234.50 - - [15/Mar/2026:21:26:04 +0700] "GET /panel/vendor/phpunit/phpunit/src/Util/PHP/eval-stdin.php HTTP/1.1" 404 146 "-" "libredtail-http" "-"
95.85.234.50 - - [15/Mar/2026:21:26:04 +0700] "GET /public/vendor/phpunit/phpunit/src/Util/PHP/eval-stdin.php HTTP/1.1" 404 146 "-" "libredtail-http" "-"
95.85.234.50 - - [15/Mar/2026:21:26:05 +0700] "GET /apps/vendor/phpunit/phpunit/src/Util/PHP/eval-stdin.php HTTP/1.1" 404 146 "-" "libredtail-http" "-"
95.85.234.50 - - [15/Mar/2026:21:26:05 +0700] "GET /app/vendor/phpunit/phpunit/src/Util/PHP/eval-stdin.php HTTP/1.1" 404 146 "-" "libredtail-http" "-"
95.85.234.50 - - [15/Mar/2026:21:26:05 +0700] "GET /index.php?s=/index/\x5Cthink\x5Capp/invokefunction&function=call_user_func_array&vars[0]=md5&vars[1][]=Hello HTTP/1.1" 200 82192 "-" "libredtail-http" "-"
95.85.234.50 - - [15/Mar/2026:21:26:05 +0700] "GET /public/index.php?s=/index/\x5Cthink\x5Capp/invokefunction&function=call_user_func_array&vars[0]=md5&vars[1][]=Hello HTTP/1.1" 404 146 "-" "libredtail-http" "-"
95.85.234.50 - - [15/Mar/2026:21:26:05 +0700] "GET /index.php?lang=../../../../../../../../usr/local/lib/php/pearcmd&+config-create+/&/<?echo(md5(\x22hi\x22));?>+/tmp/index1.php HTTP/1.1" 301 5 "-" "libredtail-http" "-"
95.85.234.50 - - [15/Mar/2026:21:26:06 +0700] "GET /index.php?lang=../../../../../../../../usr/local/lib/php/pearcmd&+config-create+/&/<?echo(md5(\x22hi\x22));?>+/tmp/index1.php HTTP/1.1" 301 5 "-" "libredtail-http" "-"
95.85.234.50 - - [15/Mar/2026:21:26:06 +0700] "GET /index.php?lang=../../../../../../../../tmp/index1 HTTP/1.1" 301 5 "-" "libredtail-http" "-"
95.85.234.50 - - [15/Mar/2026:21:26:06 +0700] "GET /containers/json HTTP/1.1" 301 5 "-" "libredtail-http" "-"
168.110.219.125 - - [15/Mar/2026:21:34:22 +0700] "\x05\x01\x00" 400 150 "-" "-" "-"
168.110.219.125 - - [15/Mar/2026:21:34:22 +0700] "\x05\x01\x00" 400 150 "-" "-" "-"
168.110.219.125 - - [15/Mar/2026:22:15:56 +0700] "\x05\x01\x00" 400 150 "-" "-" "-"
168.110.219.125 - - [15/Mar/2026:22:15:56 +0700] "\x05\x01\x00" 400 150 "-" "-" "-"
42.115.239.44 - - [15/Mar/2026:22:22:38 +0700] "GET / HTTP/1.1" 200 19895 "-" "Mozilla/5.0 (Macintosh; Intel Mac OS X 10_15_7) AppleWebKit/537.36 (KHTML, like Gecko) Chrome/145.0.0.0 Safari/537.36" "-"
42.115.239.44 - - [15/Mar/2026:22:22:45 +0700] "GET /wp-admin/ HTTP/1.1" 200 40275 "http://54.169.189.145/" "Mozilla/5.0 (Macintosh; Intel Mac OS X 10_15_7) AppleWebKit/537.36 (KHTML, like Gecko) Chrome/145.0.0.0 Safari/537.36" "-"
42.115.239.44 - - [15/Mar/2026:22:22:46 +0700] "GET /wp-admin/load-styles.php?c=0&dir=ltr&load%5Bchunk_0%5D=dashicons,admin-bar,site-health,common,forms,admin-menu,dashboard,list-tables,edit,revisions,media,themes,about,nav-menus,wp-poi&load%5Bchunk_1%5D=nter,widgets,site-icon,l10n,buttons,wp-auth-check,wp-components,wp-commands,media-views&ver=6.9.4 HTTP/1.1" 200 130244 "http://54.169.189.145/wp-admin/" "Mozilla/5.0 (Macintosh; Intel Mac OS X 10_15_7) AppleWebKit/537.36 (KHTML, like Gecko) Chrome/145.0.0.0 Safari/537.36" "-"
42.115.239.44 - - [15/Mar/2026:22:22:46 +0700] "GET /wp-json/wp/v2/users/me?context=edit&_locale=user HTTP/1.1" 200 805 "http://54.169.189.145/wp-admin/" "Mozilla/5.0 (Macintosh; Intel Mac OS X 10_15_7) AppleWebKit/537.36 (KHTML, like Gecko) Chrome/145.0.0.0 Safari/537.36" "-"
42.115.239.44 - - [15/Mar/2026:22:23:50 +0700] "POST /wp-admin/admin-ajax.php HTTP/1.1" 200 78 "http://54.169.189.145/wp-admin/" "Mozilla/5.0 (Macintosh; Intel Mac OS X 10_15_7) AppleWebKit/537.36 (KHTML, like Gecko) Chrome/145.0.0.0 Safari/537.36" "-"
42.115.239.44 - - [15/Mar/2026:22:24:50 +0700] "POST /wp-admin/admin-ajax.php HTTP/1.1" 200 78 "http://54.169.189.145/wp-admin/" "Mozilla/5.0 (Macintosh; Intel Mac OS X 10_15_7) AppleWebKit/537.36 (KHTML, like Gecko) Chrome/145.0.0.0 Safari/537.36" "-"
42.115.239.44 - - [15/Mar/2026:22:25:50 +0700] "POST /wp-admin/admin-ajax.php HTTP/1.1" 200 78 "http://54.169.189.145/wp-admin/" "Mozilla/5.0 (Macintosh; Intel Mac OS X 10_15_7) AppleWebKit/537.36 (KHTML, like Gecko) Chrome/145.0.0.0 Safari/537.36" "-"
173.252.70.25 - - [15/Mar/2026:22:26:02 +0700] "GET /robots.txt HTTP/1.1" 200 78 "-" "facebookexternalhit/1.1 (+http://www.facebook.com/externalhit_uatext.php)" "-"
69.171.234.32 - - [15/Mar/2026:22:26:03 +0700] "GET / HTTP/1.1" 200 81613 "-" "facebookexternalhit/1.1 (+http://www.facebook.com/externalhit_uatext.php)" "-"
31.13.127.33 - - [15/Mar/2026:22:26:08 +0700] "GET / HTTP/1.1" 200 81613 "-" "facebookexternalhit/1.1 (+http://www.facebook.com/externalhit_uatext.php)" "-"
42.115.239.44 - - [15/Mar/2026:22:26:33 +0700] "GET /wp-admin/profile.php HTTP/1.1" 499 0 "http://54.169.189.145/wp-admin/" "Mozilla/5.0 (Macintosh; Intel Mac OS X 10_15_7) AppleWebKit/537.36 (KHTML, like Gecko) Chrome/145.0.0.0 Safari/537.36" "-"
42.115.239.44 - - [15/Mar/2026:22:26:33 +0700] "GET /wp-login.php?action=logout&_wpnonce=eab12424d8 HTTP/1.1" 302 5 "http://54.169.189.145/wp-admin/" "Mozilla/5.0 (Macintosh; Intel Mac OS X 10_15_7) AppleWebKit/537.36 (KHTML, like Gecko) Chrome/145.0.0.0 Safari/537.36" "-"
42.115.239.44 - - [15/Mar/2026:22:26:33 +0700] "GET /wp-login.php?loggedout=true&wp_lang=en_US HTTP/1.1" 200 2004 "http://54.169.189.145/wp-admin/" "Mozilla/5.0 (Macintosh; Intel Mac OS X 10_15_7) AppleWebKit/537.36 (KHTML, like Gecko) Chrome/145.0.0.0 Safari/537.36" "-"
42.115.239.44 - - [15/Mar/2026:22:26:33 +0700] "GET /wp-admin/load-styles.php?c=0&dir=ltr&load%5Bchunk_0%5D=dashicons,buttons,forms,l10n,login&ver=6.9.4 HTTP/1.1" 200 45993 "http://54.169.189.145/wp-login.php?loggedout=true&wp_lang=en_US" "Mozilla/5.0 (Macintosh; Intel Mac OS X 10_15_7) AppleWebKit/537.36 (KHTML, like Gecko) Chrome/145.0.0.0 Safari/537.36" "-"
42.115.239.44 - - [15/Mar/2026:22:26:33 +0700] "GET /wp-admin/load-scripts.php?c=0&load%5Bchunk_0%5D=clipboard,jquery-core,jquery-migrate,zxcvbn-async,wp-hooks&ver=6.9.4 HTTP/1.1" 200 39320 "http://54.169.189.145/wp-login.php?loggedout=true&wp_lang=en_US" "Mozilla/5.0 (Macintosh; Intel Mac OS X 10_15_7) AppleWebKit/537.36 (KHTML, like Gecko) Chrome/145.0.0.0 Safari/537.36" "-"
42.115.239.44 - - [15/Mar/2026:22:26:38 +0700] "POST /wp-login.php HTTP/1.1" 302 5 "http://54.169.189.145/wp-login.php?loggedout=true&wp_lang=en_US" "Mozilla/5.0 (Macintosh; Intel Mac OS X 10_15_7) AppleWebKit/537.36 (KHTML, like Gecko) Chrome/145.0.0.0 Safari/537.36" "-"
42.115.239.44 - - [15/Mar/2026:22:26:38 +0700] "GET /wp-admin/ HTTP/1.1" 200 40284 "http://54.169.189.145/wp-login.php?loggedout=true&wp_lang=en_US" "Mozilla/5.0 (Macintosh; Intel Mac OS X 10_15_7) AppleWebKit/537.36 (KHTML, like Gecko) Chrome/145.0.0.0 Safari/537.36" "-"
42.115.239.44 - - [15/Mar/2026:22:26:38 +0700] "GET /wp-json/wp/v2/users/me?context=edit&_locale=user HTTP/1.1" 200 805 "http://54.169.189.145/wp-admin/" "Mozilla/5.0 (Macintosh; Intel Mac OS X 10_15_7) AppleWebKit/537.36 (KHTML, like Gecko) Chrome/145.0.0.0 Safari/537.36" "-"
42.115.239.44 - - [15/Mar/2026:22:26:42 +0700] "GET /wp-admin/users.php HTTP/1.1" 200 32448 "http://54.169.189.145/wp-admin/" "Mozilla/5.0 (Macintosh; Intel Mac OS X 10_15_7) AppleWebKit/537.36 (KHTML, like Gecko) Chrome/145.0.0.0 Safari/537.36" "-"
42.115.239.44 - - [15/Mar/2026:22:26:42 +0700] "GET /wp-json/wp/v2/users/me?context=edit&_locale=user HTTP/1.1" 200 805 "http://54.169.189.145/wp-admin/users.php" "Mozilla/5.0 (Macintosh; Intel Mac OS X 10_15_7) AppleWebKit/537.36 (KHTML, like Gecko) Chrome/145.0.0.0 Safari/537.36" "-"
66.249.74.75 - - [15/Mar/2026:22:26:46 +0700] "GET /robots.txt HTTP/1.1" 200 80 "-" "Mozilla/5.0 (compatible; Googlebot/2.1; +http://www.google.com/bot.html)" "-"
66.249.74.74 - - [15/Mar/2026:22:26:46 +0700] "GET / HTTP/1.1" 200 16898 "-" "GoogleOther" "-"
42.113.60.146 - - [15/Mar/2026:22:26:46 +0700] "GET / HTTP/1.1" 200 16898 "https://l.facebook.com/" "Mozilla/5.0 (Windows NT 10.0; Win64; x64) AppleWebKit/537.36 (KHTML, like Gecko) Chrome/145.0.0.0 Safari/537.36" "-"
42.115.239.44 - - [15/Mar/2026:22:26:47 +0700] "GET /wp-admin/user-new.php HTTP/1.1" 200 31589 "http://54.169.189.145/wp-admin/users.php" "Mozilla/5.0 (Macintosh; Intel Mac OS X 10_15_7) AppleWebKit/537.36 (KHTML, like Gecko) Chrome/145.0.0.0 Safari/537.36" "-"
42.115.239.44 - - [15/Mar/2026:22:26:47 +0700] "GET /wp-admin/load-scripts.php?c=0&load%5Bchunk_0%5D=jquery-core,jquery-migrate,utils,zxcvbn-async,moxiejs,plupload,jquery-ui-core,jquery-ui-mouse,jquery-ui-sortable&ver=6.9.4 HTTP/1.1" 200 81211 "http://54.169.189.145/wp-admin/user-new.php" "Mozilla/5.0 (Macintosh; Intel Mac OS X 10_15_7) AppleWebKit/537.36 (KHTML, like Gecko) Chrome/145.0.0.0 Safari/537.36" "-"
42.115.239.44 - - [15/Mar/2026:22:26:47 +0700] "GET /wp-json/wp/v2/users/me?context=edit&_locale=user HTTP/1.1" 200 805 "http://54.169.189.145/wp-admin/user-new.php" "Mozilla/5.0 (Macintosh; Intel Mac OS X 10_15_7) AppleWebKit/537.36 (KHTML, like Gecko) Chrome/145.0.0.0 Safari/537.36" "-"
27.79.218.21 - - [15/Mar/2026:22:27:06 +0700] "GET /?fbclid=IwY2xjawQjrxdleHRuA2FlbQIxMABicmlkETFsMEltb1N2emZvVGNBMVVKc3J0YwZhcHBfaWQQMjIyMDM5MTc4ODIwMDg5MgABHho20zPBsLOERJbxiiOYGbVc8v3kVChwzreYtUay7DZ7xdqrnQGH7XbZdmsG_aem_sqRpEkIAYMU0lecCMYNUIg HTTP/1.1" 200 16898 "https://l.facebook.com/" "Mozilla/5.0 (Windows NT 10.0; Win64; x64) AppleWebKit/537.36 (KHTML, like Gecko) Chrome/145.0.0.0 Safari/537.36" "-"
42.113.60.146 - - [15/Mar/2026:22:27:06 +0700] "GET / HTTP/1.1" 200 16898 "http://54.169.189.145/" "Mozilla/5.0 (Windows NT 10.0; Win64; x64) AppleWebKit/537.36 (KHTML, like Gecko) Chrome/145.0.0.0 Safari/537.36" "-"
42.115.239.44 - - [15/Mar/2026:22:27:14 +0700] "GET /wp-admin/users.php HTTP/1.1" 200 32449 "http://54.169.189.145/wp-admin/user-new.php" "Mozilla/5.0 (Macintosh; Intel Mac OS X 10_15_7) AppleWebKit/537.36 (KHTML, like Gecko) Chrome/145.0.0.0 Safari/537.36" "-"
42.115.239.44 - - [15/Mar/2026:22:27:14 +0700] "GET /wp-json/wp/v2/users/me?context=edit&_locale=user HTTP/1.1" 200 805 "http://54.169.189.145/wp-admin/users.php" "Mozilla/5.0 (Macintosh; Intel Mac OS X 10_15_7) AppleWebKit/537.36 (KHTML, like Gecko) Chrome/145.0.0.0 Safari/537.36" "-"
42.115.239.44 - - [15/Mar/2026:22:27:15 +0700] "GET /wp-admin/profile.php HTTP/1.1" 200 36521 "http://54.169.189.145/wp-admin/users.php" "Mozilla/5.0 (Macintosh; Intel Mac OS X 10_15_7) AppleWebKit/537.36 (KHTML, like Gecko) Chrome/145.0.0.0 Safari/537.36" "-"
42.115.239.44 - - [15/Mar/2026:22:27:15 +0700] "GET /wp-json/wp/v2/users/me?context=edit&_locale=user HTTP/1.1" 200 805 "http://54.169.189.145/wp-admin/profile.php" "Mozilla/5.0 (Macintosh; Intel Mac OS X 10_15_7) AppleWebKit/537.36 (KHTML, like Gecko) Chrome/145.0.0.0 Safari/537.36" "-"
42.115.239.44 - - [15/Mar/2026:22:27:16 +0700] "GET /wp-admin/profile.php HTTP/1.1" 200 36519 "http://54.169.189.145/wp-admin/profile.php" "Mozilla/5.0 (Macintosh; Intel Mac OS X 10_15_7) AppleWebKit/537.36 (KHTML, like Gecko) Chrome/145.0.0.0 Safari/537.36" "-"
42.115.239.44 - - [15/Mar/2026:22:27:17 +0700] "GET /wp-json/wp/v2/users/me?context=edit&_locale=user HTTP/1.1" 200 805 "http://54.169.189.145/wp-admin/profile.php" "Mozilla/5.0 (Macintosh; Intel Mac OS X 10_15_7) AppleWebKit/537.36 (KHTML, like Gecko) Chrome/145.0.0.0 Safari/537.36" "-"
42.115.239.44 - - [15/Mar/2026:22:27:19 +0700] "GET /wp-admin/profile.php HTTP/1.1" 499 0 "http://54.169.189.145/wp-admin/profile.php" "Mozilla/5.0 (Macintosh; Intel Mac OS X 10_15_7) AppleWebKit/537.36 (KHTML, like Gecko) Chrome/145.0.0.0 Safari/537.36" "-"
42.115.239.44 - - [15/Mar/2026:22:27:19 +0700] "GET /wp-login.php?action=logout&_wpnonce=5bce559c3b HTTP/1.1" 302 5 "http://54.169.189.145/wp-admin/profile.php" "Mozilla/5.0 (Macintosh; Intel Mac OS X 10_15_7) AppleWebKit/537.36 (KHTML, like Gecko) Chrome/145.0.0.0 Safari/537.36" "-"
42.115.239.44 - - [15/Mar/2026:22:27:19 +0700] "GET /wp-login.php?loggedout=true&wp_lang=en_US HTTP/1.1" 200 2004 "http://54.169.189.145/wp-admin/profile.php" "Mozilla/5.0 (Macintosh; Intel Mac OS X 10_15_7) AppleWebKit/537.36 (KHTML, like Gecko) Chrome/145.0.0.0 Safari/537.36" "-"
42.115.239.44 - - [15/Mar/2026:22:27:42 +0700] "POST /wp-login.php HTTP/1.1" 302 5 "http://54.169.189.145/wp-login.php?loggedout=true&wp_lang=en_US" "Mozilla/5.0 (Macintosh; Intel Mac OS X 10_15_7) AppleWebKit/537.36 (KHTML, like Gecko) Chrome/145.0.0.0 Safari/537.36" "-"
42.115.239.44 - - [15/Mar/2026:22:27:43 +0700] "GET /wp-admin/ HTTP/1.1" 200 40277 "http://54.169.189.145/wp-login.php?loggedout=true&wp_lang=en_US" "Mozilla/5.0 (Macintosh; Intel Mac OS X 10_15_7) AppleWebKit/537.36 (KHTML, like Gecko) Chrome/145.0.0.0 Safari/537.36" "-"
42.115.239.44 - - [15/Mar/2026:22:27:43 +0700] "GET /wp-json/wp/v2/users/me?context=edit&_locale=user HTTP/1.1" 200 805 "http://54.169.189.145/wp-admin/" "Mozilla/5.0 (Macintosh; Intel Mac OS X 10_15_7) AppleWebKit/537.36 (KHTML, like Gecko) Chrome/145.0.0.0 Safari/537.36" "-"
42.115.239.44 - - [15/Mar/2026:22:28:27 +0700] "GET /wp-admin/admin.php?page=wptravelengine-admin-page HTTP/1.1" 200 30622 "http://54.169.189.145/wp-admin/" "Mozilla/5.0 (Macintosh; Intel Mac OS X 10_15_7) AppleWebKit/537.36 (KHTML, like Gecko) Chrome/145.0.0.0 Safari/537.36" "-"
42.115.239.44 - - [15/Mar/2026:22:28:28 +0700] "GET /wp-json/wp/v2/users/me?context=edit&_locale=user HTTP/1.1" 200 805 "http://54.169.189.145/wp-admin/admin.php?page=wptravelengine-admin-page" "Mozilla/5.0 (Macintosh; Intel Mac OS X 10_15_7) AppleWebKit/537.36 (KHTML, like Gecko) Chrome/145.0.0.0 Safari/537.36" "-"
42.113.60.146 - - [15/Mar/2026:22:29:09 +0700] "GET / HTTP/1.1" 200 16898 "https://l.facebook.com/" "Mozilla/5.0 (Windows NT 10.0; Win64; x64) AppleWebKit/537.36 (KHTML, like Gecko) Chrome/145.0.0.0 Safari/537.36" "-"
42.115.239.44 - - [15/Mar/2026:22:29:28 +0700] "POST /wp-admin/admin-ajax.php HTTP/1.1" 200 78 "http://54.169.189.145/wp-admin/admin.php?page=wptravelengine-admin-page" "Mozilla/5.0 (Macintosh; Intel Mac OS X 10_15_7) AppleWebKit/537.36 (KHTML, like Gecko) Chrome/145.0.0.0 Safari/537.36" "-"
42.113.60.146 - - [15/Mar/2026:22:29:47 +0700] "GET //home/ubuntu/travel-book HTTP/1.1" 301 5 "-" "Mozilla/5.0 (Windows NT 10.0; Win64; x64) AppleWebKit/537.36 (KHTML, like Gecko) Chrome/145.0.0.0 Safari/537.36" "-"
42.113.60.146 - - [15/Mar/2026:22:29:47 +0700] "GET /home/ubuntu/travel-book HTTP/1.1" 404 15078 "-" "Mozilla/5.0 (Windows NT 10.0; Win64; x64) AppleWebKit/537.36 (KHTML, like Gecko) Chrome/145.0.0.0 Safari/537.36" "-"
42.113.60.146 - - [15/Mar/2026:22:29:54 +0700] "GET / HTTP/1.1" 200 16898 "http://54.169.189.145/home/ubuntu/travel-book" "Mozilla/5.0 (Windows NT 10.0; Win64; x64) AppleWebKit/537.36 (KHTML, like Gecko) Chrome/145.0.0.0 Safari/537.36" "-"
42.115.239.44 - - [15/Mar/2026:22:30:10 +0700] "GET /wp-admin/plugins.php HTTP/1.1" 200 42844 "http://54.169.189.145/wp-admin/admin.php?page=wptravelengine-admin-page" "Mozilla/5.0 (Macintosh; Intel Mac OS X 10_15_7) AppleWebKit/537.36 (KHTML, like Gecko) Chrome/145.0.0.0 Safari/537.36" "-"
42.115.239.44 - - [15/Mar/2026:22:30:10 +0700] "GET /wp-json/wp/v2/users/me?context=edit&_locale=user HTTP/1.1" 200 805 "http://54.169.189.145/wp-admin/plugins.php" "Mozilla/5.0 (Macintosh; Intel Mac OS X 10_15_7) AppleWebKit/537.36 (KHTML, like Gecko) Chrome/145.0.0.0 Safari/537.36" "-"
211.180.253.250 - - [15/Mar/2026:22:30:11 +0700] "GET / HTTP/1.1" 200 16898 "-" "Go-http-client/1.1" "-"
42.115.239.44 - - [15/Mar/2026:22:30:15 +0700] "GET /wp-admin/plugin-install.php HTTP/1.1" 200 36813 "http://54.169.189.145/wp-admin/plugins.php" "Mozilla/5.0 (Macintosh; Intel Mac OS X 10_15_7) AppleWebKit/537.36 (KHTML, like Gecko) Chrome/145.0.0.0 Safari/537.36" "-"
42.115.239.44 - - [15/Mar/2026:22:30:15 +0700] "GET /wp-json/wp/v2/users/me?context=edit&_locale=user HTTP/1.1" 200 805 "http://54.169.189.145/wp-admin/plugin-install.php" "Mozilla/5.0 (Macintosh; Intel Mac OS X 10_15_7) AppleWebKit/537.36 (KHTML, like Gecko) Chrome/145.0.0.0 Safari/537.36" "-"
42.115.239.44 - - [15/Mar/2026:22:30:27 +0700] "POST /wp-admin/admin-ajax.php HTTP/1.1" 200 9710 "http://54.169.189.145/wp-admin/plugin-install.php?s=User%2520Registration&tab=search&type=term" "Mozilla/5.0 (Macintosh; Intel Mac OS X 10_15_7) AppleWebKit/537.36 (KHTML, like Gecko) Chrome/145.0.0.0 Safari/537.36" "-"
42.115.239.44 - - [15/Mar/2026:22:30:36 +0700] "POST /wp-admin/admin-ajax.php HTTP/1.1" 200 385 "http://54.169.189.145/wp-admin/plugin-install.php?s=User%2520Registration&tab=search&type=term" "Mozilla/5.0 (Macintosh; Intel Mac OS X 10_15_7) AppleWebKit/537.36 (KHTML, like Gecko) Chrome/145.0.0.0 Safari/537.36" "-"
42.115.239.44 - - [15/Mar/2026:22:30:38 +0700] "POST /wp-admin/admin-ajax.php HTTP/1.1" 200 231 "http://54.169.189.145/wp-admin/plugin-install.php?s=User%2520Registration&tab=search&type=term" "Mozilla/5.0 (Macintosh; Intel Mac OS X 10_15_7) AppleWebKit/537.36 (KHTML, like Gecko) Chrome/145.0.0.0 Safari/537.36" "-"
42.115.239.44 - - [15/Mar/2026:22:30:39 +0700] "POST /wp-admin/admin-ajax.php HTTP/1.1" 200 3059 "http://54.169.189.145/wp-admin/plugin-install.php?s=Peter%27s%2520Login%2520Redirect&tab=search&type=term" "Mozilla/5.0 (Macintosh; Intel Mac OS X 10_15_7) AppleWebKit/537.36 (KHTML, like Gecko) Chrome/145.0.0.0 Safari/537.36" "-"
42.115.239.44 - - [15/Mar/2026:22:30:45 +0700] "POST /wp-admin/admin-ajax.php HTTP/1.1" 200 342 "http://54.169.189.145/wp-admin/plugin-install.php?s=Peter%27s%2520Login%2520Redirect&tab=search&type=term" "Mozilla/5.0 (Macintosh; Intel Mac OS X 10_15_7) AppleWebKit/537.36 (KHTML, like Gecko) Chrome/145.0.0.0 Safari/537.36" "-"
42.115.239.44 - - [15/Mar/2026:22:30:46 +0700] "POST /wp-admin/admin-ajax.php HTTP/1.1" 200 252 "http://54.169.189.145/wp-admin/plugin-install.php?s=Peter%27s%2520Login%2520Redirect&tab=search&type=term" "Mozilla/5.0 (Macintosh; Intel Mac OS X 10_15_7) AppleWebKit/537.36 (KHTML, like Gecko) Chrome/145.0.0.0 Safari/537.36" "-"
42.115.239.44 - - [15/Mar/2026:22:30:56 +0700] "POST /wp-admin/update.php?action=upload-plugin HTTP/1.1" 200 29468 "http://54.169.189.145/wp-admin/plugin-install.php?s=Peter%27s%2520Login%2520Redirect&tab=search&type=term" "Mozilla/5.0 (Macintosh; Intel Mac OS X 10_15_7) AppleWebKit/537.36 (KHTML, like Gecko) Chrome/145.0.0.0 Safari/537.36" "-"
42.115.239.44 - - [15/Mar/2026:22:30:56 +0700] "GET /wp-admin/load-styles.php?c=0&dir=ltr&load%5Bchunk_0%5D=dashicons,admin-bar,common,forms,admin-menu,dashboard,list-tables,edit,revisions,media,themes,about,nav-menus,wp-pointer,widgets&load%5Bchunk_1%5D=,site-icon,l10n,buttons,wp-components,wp-commands,media-views&ver=6.9.4 HTTP/1.1" 200 128693 "http://54.169.189.145/wp-admin/update.php?action=upload-plugin" "Mozilla/5.0 (Macintosh; Intel Mac OS X 10_15_7) AppleWebKit/537.36 (KHTML, like Gecko) Chrome/145.0.0.0 Safari/537.36" "-"
42.115.239.44 - - [15/Mar/2026:22:30:57 +0700] "GET /wp-json/wp/v2/users/me?context=edit&_locale=user HTTP/1.1" 200 805 "http://54.169.189.145/wp-admin/update.php?action=upload-plugin" "Mozilla/5.0 (Macintosh; Intel Mac OS X 10_15_7) AppleWebKit/537.36 (KHTML, like Gecko) Chrome/145.0.0.0 Safari/537.36" "-"
42.115.239.44 - - [15/Mar/2026:22:31:01 +0700] "GET /wp-admin/plugin-install.php HTTP/1.1" 200 36993 "http://54.169.189.145/wp-admin/update.php?action=upload-plugin" "Mozilla/5.0 (Macintosh; Intel Mac OS X 10_15_7) AppleWebKit/537.36 (KHTML, like Gecko) Chrome/145.0.0.0 Safari/537.36" "-"
42.115.239.44 - - [15/Mar/2026:22:31:01 +0700] "GET /wp-json/wp/v2/users/me?context=edit&_locale=user HTTP/1.1" 200 805 "http://54.169.189.145/wp-admin/plugin-install.php" "Mozilla/5.0 (Macintosh; Intel Mac OS X 10_15_7) AppleWebKit/537.36 (KHTML, like Gecko) Chrome/145.0.0.0 Safari/537.36" "-"
42.115.239.44 - - [15/Mar/2026:22:31:19 +0700] "POST /wp-admin/admin-ajax.php HTTP/1.1" 200 3112 "http://54.169.189.145/wp-admin/plugin-install.php?s=Peter%27s%2520Login%2520Redirect&tab=search&type=term" "Mozilla/5.0 (Macintosh; Intel Mac OS X 10_15_7) AppleWebKit/537.36 (KHTML, like Gecko) Chrome/145.0.0.0 Safari/537.36" "-"
42.115.239.44 - - [15/Mar/2026:22:31:26 +0700] "POST /wp-admin/admin-ajax.php HTTP/1.1" 200 9253 "http://54.169.189.145/wp-admin/plugin-install.php?s=WP%2520Mail%2520SMTP&tab=search&type=term" "Mozilla/5.0 (Macintosh; Intel Mac OS X 10_15_7) AppleWebKit/537.36 (KHTML, like Gecko) Chrome/145.0.0.0 Safari/537.36" "-"
42.115.239.44 - - [15/Mar/2026:22:31:34 +0700] "POST /wp-admin/admin-ajax.php HTTP/1.1" 200 351 "http://54.169.189.145/wp-admin/plugin-install.php?s=WP%2520Mail%2520SMTP&tab=search&type=term" "Mozilla/5.0 (Macintosh; Intel Mac OS X 10_15_7) AppleWebKit/537.36 (KHTML, like Gecko) Chrome/145.0.0.0 Safari/537.36" "-"
42.115.239.44 - - [15/Mar/2026:22:31:36 +0700] "POST /wp-admin/admin-ajax.php HTTP/1.1" 200 225 "http://54.169.189.145/wp-admin/plugin-install.php?s=WP%2520Mail%2520SMTP&tab=search&type=term" "Mozilla/5.0 (Macintosh; Intel Mac OS X 10_15_7) AppleWebKit/537.36 (KHTML, like Gecko) Chrome/145.0.0.0 Safari/537.36" "-"
42.115.239.44 - - [15/Mar/2026:22:32:03 +0700] "POST /wp-admin/admin-ajax.php HTTP/1.1" 200 78 "http://54.169.189.145/wp-admin/plugin-install.php?s=WP%2520Mail%2520SMTP&tab=search&type=term" "Mozilla/5.0 (Macintosh; Intel Mac OS X 10_15_7) AppleWebKit/537.36 (KHTML, like Gecko) Chrome/145.0.0.0 Safari/537.36" "-"
42.115.239.44 - - [15/Mar/2026:22:32:06 +0700] "POST /wp-admin/admin-ajax.php HTTP/1.1" 200 1372 "http://54.169.189.145/wp-admin/plugin-install.php?s=ite%2520Reviews&tab=search&type=term" "Mozilla/5.0 (Macintosh; Intel Mac OS X 10_15_7) AppleWebKit/537.36 (KHTML, like Gecko) Chrome/145.0.0.0 Safari/537.36" "-"
42.115.239.44 - - [15/Mar/2026:22:32:13 +0700] "POST /wp-admin/admin-ajax.php HTTP/1.1" 200 9900 "http://54.169.189.145/wp-admin/plugin-install.php?s=Site%2520Reviews&tab=search&type=term" "Mozilla/5.0 (Macintosh; Intel Mac OS X 10_15_7) AppleWebKit/537.36 (KHTML, like Gecko) Chrome/145.0.0.0 Safari/537.36" "-"
42.115.239.44 - - [15/Mar/2026:22:32:25 +0700] "POST /wp-admin/admin-ajax.php HTTP/1.1" 200 306 "http://54.169.189.145/wp-admin/plugin-install.php?s=Site%2520Reviews&tab=search&type=term" "Mozilla/5.0 (Macintosh; Intel Mac OS X 10_15_7) AppleWebKit/537.36 (KHTML, like Gecko) Chrome/145.0.0.0 Safari/537.36" "-"
42.115.239.44 - - [15/Mar/2026:22:32:26 +0700] "POST /wp-admin/admin-ajax.php HTTP/1.1" 200 215 "http://54.169.189.145/wp-admin/plugin-install.php?s=Site%2520Reviews&tab=search&type=term" "Mozilla/5.0 (Macintosh; Intel Mac OS X 10_15_7) AppleWebKit/537.36 (KHTML, like Gecko) Chrome/145.0.0.0 Safari/537.36" "-"
42.113.60.146 - - [15/Mar/2026:22:32:52 +0700] "GET /wp-admin HTTP/1.1" 301 162 "-" "Mozilla/5.0 (Windows NT 10.0; Win64; x64) AppleWebKit/537.36 (KHTML, like Gecko) Chrome/145.0.0.0 Safari/537.36" "-"
42.113.60.146 - - [15/Mar/2026:22:32:52 +0700] "GET /wp-admin/ HTTP/1.1" 302 5 "-" "Mozilla/5.0 (Windows NT 10.0; Win64; x64) AppleWebKit/537.36 (KHTML, like Gecko) Chrome/145.0.0.0 Safari/537.36" "-"
42.113.60.146 - - [15/Mar/2026:22:32:52 +0700] "GET /wp-login.php?redirect_to=http%3A%2F%2F54.169.189.145%2Fwp-admin%2F&reauth=1 HTTP/1.1" 200 1862 "-" "Mozilla/5.0 (Windows NT 10.0; Win64; x64) AppleWebKit/537.36 (KHTML, like Gecko) Chrome/145.0.0.0 Safari/537.36" "-"
42.113.60.146 - - [15/Mar/2026:22:32:52 +0700] "GET /wp-admin/load-styles.php?c=0&dir=ltr&load%5Bchunk_0%5D=dashicons,buttons,forms,l10n,login&ver=6.9.4 HTTP/1.1" 200 45993 "http://54.169.189.145/wp-login.php?redirect_to=http%3A%2F%2F54.169.189.145%2Fwp-admin%2F&reauth=1" "Mozilla/5.0 (Windows NT 10.0; Win64; x64) AppleWebKit/537.36 (KHTML, like Gecko) Chrome/145.0.0.0 Safari/537.36" "-"
42.113.60.146 - - [15/Mar/2026:22:32:52 +0700] "GET /wp-admin/load-scripts.php?c=0&load%5Bchunk_0%5D=clipboard,jquery-core,jquery-migrate,zxcvbn-async,wp-hooks&ver=6.9.4 HTTP/1.1" 200 39320 "http://54.169.189.145/wp-login.php?redirect_to=http%3A%2F%2F54.169.189.145%2Fwp-admin%2F&reauth=1" "Mozilla/5.0 (Windows NT 10.0; Win64; x64) AppleWebKit/537.36 (KHTML, like Gecko) Chrome/145.0.0.0 Safari/537.36" "-"
42.115.239.44 - - [15/Mar/2026:22:33:03 +0700] "POST /wp-admin/update.php?action=upload-plugin HTTP/1.1" 200 29596 "http://54.169.189.145/wp-admin/plugin-install.php?s=Site%2520Reviews&tab=search&type=term" "Mozilla/5.0 (Macintosh; Intel Mac OS X 10_15_7) AppleWebKit/537.36 (KHTML, like Gecko) Chrome/145.0.0.0 Safari/537.36" "-"
42.115.239.44 - - [15/Mar/2026:22:33:04 +0700] "GET /wp-json/wp/v2/users/me?context=edit&_locale=user HTTP/1.1" 200 805 "http://54.169.189.145/wp-admin/update.php?action=upload-plugin" "Mozilla/5.0 (Macintosh; Intel Mac OS X 10_15_7) AppleWebKit/537.36 (KHTML, like Gecko) Chrome/145.0.0.0 Safari/537.36" "-"
42.115.239.44 - - [15/Mar/2026:22:33:11 +0700] "GET /wp-admin/plugin-install.php HTTP/1.1" 200 37155 "http://54.169.189.145/wp-admin/update.php?action=upload-plugin" "Mozilla/5.0 (Macintosh; Intel Mac OS X 10_15_7) AppleWebKit/537.36 (KHTML, like Gecko) Chrome/145.0.0.0 Safari/537.36" "-"
42.115.239.44 - - [15/Mar/2026:22:33:11 +0700] "GET /wp-json/wp/v2/users/me?context=edit&_locale=user HTTP/1.1" 200 805 "http://54.169.189.145/wp-admin/plugin-install.php" "Mozilla/5.0 (Macintosh; Intel Mac OS X 10_15_7) AppleWebKit/537.36 (KHTML, like Gecko) Chrome/145.0.0.0 Safari/537.36" "-"
42.113.60.146 - - [15/Mar/2026:22:33:24 +0700] "POST /wp-login.php HTTP/1.1" 302 5 "http://54.169.189.145/wp-login.php?redirect_to=http%3A%2F%2F54.169.189.145%2Fwp-admin%2F&reauth=1" "Mozilla/5.0 (Windows NT 10.0; Win64; x64) AppleWebKit/537.36 (KHTML, like Gecko) Chrome/145.0.0.0 Safari/537.36" "-"
42.115.239.44 - - [15/Mar/2026:22:33:26 +0700] "POST /wp-admin/update.php?action=upload-plugin HTTP/1.1" 200 29645 "http://54.169.189.145/wp-admin/plugin-install.php" "Mozilla/5.0 (Macintosh; Intel Mac OS X 10_15_7) AppleWebKit/537.36 (KHTML, like Gecko) Chrome/145.0.0.0 Safari/537.36" "-"
42.115.239.44 - - [15/Mar/2026:22:33:27 +0700] "GET /wp-json/wp/v2/users/me?context=edit&_locale=user HTTP/1.1" 200 805 "http://54.169.189.145/wp-admin/update.php?action=upload-plugin" "Mozilla/5.0 (Macintosh; Intel Mac OS X 10_15_7) AppleWebKit/537.36 (KHTML, like Gecko) Chrome/145.0.0.0 Safari/537.36" "-"
42.113.60.146 - - [15/Mar/2026:22:33:27 +0700] "GET /wp-admin/ HTTP/1.1" 200 40561 "http://54.169.189.145/wp-login.php?redirect_to=http%3A%2F%2F54.169.189.145%2Fwp-admin%2F&reauth=1" "Mozilla/5.0 (Windows NT 10.0; Win64; x64) AppleWebKit/537.36 (KHTML, like Gecko) Chrome/145.0.0.0 Safari/537.36" "-"
42.113.60.146 - - [15/Mar/2026:22:33:28 +0700] "GET /wp-admin/load-styles.php?c=0&dir=ltr&load%5Bchunk_0%5D=dashicons,admin-bar,site-health,common,forms,admin-menu,dashboard,list-tables,edit,revisions,media,themes,about,nav-menus,wp-poi&load%5Bchunk_1%5D=nter,widgets,site-icon,l10n,buttons,wp-auth-check,wp-components,wp-commands,media-views&ver=6.9.4 HTTP/1.1" 200 130244 "http://54.169.189.145/wp-admin/" "Mozilla/5.0 (Windows NT 10.0; Win64; x64) AppleWebKit/537.36 (KHTML, like Gecko) Chrome/145.0.0.0 Safari/537.36" "-"
42.113.60.146 - - [15/Mar/2026:22:33:28 +0700] "GET /wp-admin/load-scripts.php?c=0&load%5Bchunk_0%5D=hoverIntent,wp-dom-ready,wp-hooks&ver=6.9.4 HTTP/1.1" 200 2704 "http://54.169.189.145/wp-admin/" "Mozilla/5.0 (Windows NT 10.0; Win64; x64) AppleWebKit/537.36 (KHTML, like Gecko) Chrome/145.0.0.0 Safari/537.36" "-"
42.113.60.146 - - [15/Mar/2026:22:33:28 +0700] "GET /wp-admin/load-scripts.php?c=0&load%5Bchunk_0%5D=jquery-core,jquery-migrate,utils,moxiejs,plupload&ver=6.9.4 HTTP/1.1" 200 67526 "http://54.169.189.145/wp-admin/" "Mozilla/5.0 (Windows NT 10.0; Win64; x64) AppleWebKit/537.36 (KHTML, like Gecko) Chrome/145.0.0.0 Safari/537.36" "-"
42.115.239.44 - - [15/Mar/2026:22:33:32 +0700] "GET /wp-admin/plugin-install.php HTTP/1.1" 200 37210 "http://54.169.189.145/wp-admin/update.php?action=upload-plugin" "Mozilla/5.0 (Macintosh; Intel Mac OS X 10_15_7) AppleWebKit/537.36 (KHTML, like Gecko) Chrome/145.0.0.0 Safari/537.36" "-"
42.115.239.44 - - [15/Mar/2026:22:33:32 +0700] "GET /wp-json/wp/v2/users/me?context=edit&_locale=user HTTP/1.1" 200 805 "http://54.169.189.145/wp-admin/plugin-install.php" "Mozilla/5.0 (Macintosh; Intel Mac OS X 10_15_7) AppleWebKit/537.36 (KHTML, like Gecko) Chrome/145.0.0.0 Safari/537.36" "-"
42.113.60.146 - - [15/Mar/2026:22:33:37 +0700] "GET /wp-json/wp/v2/users/me?context=edit&_locale=user HTTP/1.1" 200 805 "http://54.169.189.145/wp-admin/" "Mozilla/5.0 (Windows NT 10.0; Win64; x64) AppleWebKit/537.36 (KHTML, like Gecko) Chrome/145.0.0.0 Safari/537.36" "-"
42.113.60.146 - - [15/Mar/2026:22:33:38 +0700] "POST /wp-admin/admin-ajax.php HTTP/1.1" 200 120 "http://54.169.189.145/wp-admin/" "Mozilla/5.0 (Windows NT 10.0; Win64; x64) AppleWebKit/537.36 (KHTML, like Gecko) Chrome/145.0.0.0 Safari/537.36" "-"
42.115.239.44 - - [15/Mar/2026:22:33:50 +0700] "POST /wp-admin/update.php?action=upload-plugin HTTP/1.1" 200 29687 "http://54.169.189.145/wp-admin/plugin-install.php" "Mozilla/5.0 (Macintosh; Intel Mac OS X 10_15_7) AppleWebKit/537.36 (KHTML, like Gecko) Chrome/145.0.0.0 Safari/537.36" "-"
42.115.239.44 - - [15/Mar/2026:22:33:50 +0700] "GET /wp-json/wp/v2/users/me?context=edit&_locale=user HTTP/1.1" 200 805 "http://54.169.189.145/wp-admin/update.php?action=upload-plugin" "Mozilla/5.0 (Macintosh; Intel Mac OS X 10_15_7) AppleWebKit/537.36 (KHTML, like Gecko) Chrome/145.0.0.0 Safari/537.36" "-"
42.113.60.146 - - [15/Mar/2026:22:33:52 +0700] "GET /wp-admin/edit.php HTTP/1.1" 200 35467 "http://54.169.189.145/wp-admin/" "Mozilla/5.0 (Windows NT 10.0; Win64; x64) AppleWebKit/537.36 (KHTML, like Gecko) Chrome/145.0.0.0 Safari/537.36" "-"
42.113.60.146 - - [15/Mar/2026:22:33:52 +0700] "GET /wp-admin/load-styles.php?c=0&dir=ltr&load%5Bchunk_0%5D=dashicons,admin-bar,common,forms,admin-menu,dashboard,list-tables,edit,revisions,media,themes,about,nav-menus,wp-pointer,widgets&load%5Bchunk_1%5D=,site-icon,l10n,buttons,wp-auth-check,wp-components,wp-commands,media-views&ver=6.9.4 HTTP/1.1" 200 129097 "http://54.169.189.145/wp-admin/edit.php" "Mozilla/5.0 (Windows NT 10.0; Win64; x64) AppleWebKit/537.36 (KHTML, like Gecko) Chrome/145.0.0.0 Safari/537.36" "-"
42.113.60.146 - - [15/Mar/2026:22:33:54 +0700] "GET /wp-json/wp/v2/users/me?context=edit&_locale=user HTTP/1.1" 200 805 "http://54.169.189.145/wp-admin/edit.php" "Mozilla/5.0 (Windows NT 10.0; Win64; x64) AppleWebKit/537.36 (KHTML, like Gecko) Chrome/145.0.0.0 Safari/537.36" "-"
42.115.239.44 - - [15/Mar/2026:22:33:55 +0700] "GET /wp-admin/plugin-install.php HTTP/1.1" 200 37278 "http://54.169.189.145/wp-admin/update.php?action=upload-plugin" "Mozilla/5.0 (Macintosh; Intel Mac OS X 10_15_7) AppleWebKit/537.36 (KHTML, like Gecko) Chrome/145.0.0.0 Safari/537.36" "-"
42.115.239.44 - - [15/Mar/2026:22:33:55 +0700] "GET /wp-json/wp/v2/users/me?context=edit&_locale=user HTTP/1.1" 200 805 "http://54.169.189.145/wp-admin/plugin-install.php" "Mozilla/5.0 (Macintosh; Intel Mac OS X 10_15_7) AppleWebKit/537.36 (KHTML, like Gecko) Chrome/145.0.0.0 Safari/537.36" "-"
42.113.60.146 - - [15/Mar/2026:22:33:56 +0700] "POST /wp-admin/admin-ajax.php HTTP/1.1" 200 78 "http://54.169.189.145/wp-admin/edit.php" "Mozilla/5.0 (Windows NT 10.0; Win64; x64) AppleWebKit/537.36 (KHTML, like Gecko) Chrome/145.0.0.0 Safari/537.36" "-"
42.113.60.146 - - [15/Mar/2026:22:34:05 +0700] "GET /wp-admin/admin.php?page=wptravelengine-admin-page HTTP/1.1" 200 31026 "http://54.169.189.145/wp-admin/edit.php" "Mozilla/5.0 (Windows NT 10.0; Win64; x64) AppleWebKit/537.36 (KHTML, like Gecko) Chrome/145.0.0.0 Safari/537.36" "-"
42.113.60.146 - - [15/Mar/2026:22:34:05 +0700] "POST /wp-admin/admin-ajax.php HTTP/1.1" 200 78 "http://54.169.189.145/wp-admin/edit.php" "Mozilla/5.0 (Windows NT 10.0; Win64; x64) AppleWebKit/537.36 (KHTML, like Gecko) Chrome/145.0.0.0 Safari/537.36" "-"
42.113.60.146 - - [15/Mar/2026:22:34:07 +0700] "GET /wp-json/wp/v2/users/me?context=edit&_locale=user HTTP/1.1" 200 805 "http://54.169.189.145/wp-admin/admin.php?page=wptravelengine-admin-page" "Mozilla/5.0 (Windows NT 10.0; Win64; x64) AppleWebKit/537.36 (KHTML, like Gecko) Chrome/145.0.0.0 Safari/537.36" "-"
42.113.60.146 - - [15/Mar/2026:22:34:09 +0700] "GET /wp-admin/admin.php?page=wptravelengine-admin-page HTTP/1.1" 200 31026 "http://54.169.189.145/wp-admin/admin.php?page=wptravelengine-admin-page" "Mozilla/5.0 (Windows NT 10.0; Win64; x64) AppleWebKit/537.36 (KHTML, like Gecko) Chrome/145.0.0.0 Safari/537.36" "-"
42.113.60.146 - - [15/Mar/2026:22:34:10 +0700] "GET /wp-json/wp/v2/users/me?context=edit&_locale=user HTTP/1.1" 200 805 "http://54.169.189.145/wp-admin/admin.php?page=wptravelengine-admin-page" "Mozilla/5.0 (Windows NT 10.0; Win64; x64) AppleWebKit/537.36 (KHTML, like Gecko) Chrome/145.0.0.0 Safari/537.36" "-"
42.113.60.146 - - [15/Mar/2026:22:34:13 +0700] "GET /wp-admin/edit-comments.php HTTP/1.1" 200 36800 "http://54.169.189.145/wp-admin/admin.php?page=wptravelengine-admin-page" "Mozilla/5.0 (Windows NT 10.0; Win64; x64) AppleWebKit/537.36 (KHTML, like Gecko) Chrome/145.0.0.0 Safari/537.36" "-"
42.113.60.146 - - [15/Mar/2026:22:34:14 +0700] "GET /wp-json/wp/v2/users/me?context=edit&_locale=user HTTP/1.1" 200 805 "http://54.169.189.145/wp-admin/edit-comments.php" "Mozilla/5.0 (Windows NT 10.0; Win64; x64) AppleWebKit/537.36 (KHTML, like Gecko) Chrome/145.0.0.0 Safari/537.36" "-"
42.115.239.44 - - [15/Mar/2026:22:34:15 +0700] "GET /wp-admin/edit.php?post_type=booking&page=wptravelengine-admin-page HTTP/1.1" 200 34188 "http://54.169.189.145/wp-admin/plugin-install.php" "Mozilla/5.0 (Macintosh; Intel Mac OS X 10_15_7) AppleWebKit/537.36 (KHTML, like Gecko) Chrome/145.0.0.0 Safari/537.36" "-"
42.115.239.44 - - [15/Mar/2026:22:34:16 +0700] "GET /wp-json/wp/v2/users/me?context=edit&_locale=user HTTP/1.1" 200 805 "http://54.169.189.145/wp-admin/edit.php?post_type=booking&page=wptravelengine-admin-page" "Mozilla/5.0 (Macintosh; Intel Mac OS X 10_15_7) AppleWebKit/537.36 (KHTML, like Gecko) Chrome/145.0.0.0 Safari/537.36" "-"
42.113.60.146 - - [15/Mar/2026:22:34:18 +0700] "GET /wp-admin/admin.php?page=wptravelengine-admin-page HTTP/1.1" 200 31026 "http://54.169.189.145/wp-admin/edit-comments.php" "Mozilla/5.0 (Windows NT 10.0; Win64; x64) AppleWebKit/537.36 (KHTML, like Gecko) Chrome/145.0.0.0 Safari/537.36" "-"
42.113.60.146 - - [15/Mar/2026:22:34:18 +0700] "GET /wp-json/wp/v2/users/me?context=edit&_locale=user HTTP/1.1" 200 805 "http://54.169.189.145/wp-admin/admin.php?page=wptravelengine-admin-page" "Mozilla/5.0 (Windows NT 10.0; Win64; x64) AppleWebKit/537.36 (KHTML, like Gecko) Chrome/145.0.0.0 Safari/537.36" "-"
42.113.60.146 - - [15/Mar/2026:22:34:20 +0700] "GET /wp-admin/edit.php?post_type=booking&page=wptravelengine-admin-page HTTP/1.1" 200 34190 "http://54.169.189.145/wp-admin/admin.php?page=wptravelengine-admin-page" "Mozilla/5.0 (Windows NT 10.0; Win64; x64) AppleWebKit/537.36 (KHTML, like Gecko) Chrome/145.0.0.0 Safari/537.36" "-"
42.113.60.146 - - [15/Mar/2026:22:34:20 +0700] "GET /wp-admin/load-styles.php?c=0&dir=ltr&load%5Bchunk_0%5D=dashicons,admin-bar,common,forms,admin-menu,dashboard,list-tables,edit,revisions,media,themes,about,nav-menus,wp-pointer,widgets&load%5Bchunk_1%5D=,site-icon,l10n,buttons,wp-auth-check,wp-components,wp-commands,media-views,editor-buttons&ver=6.9.4 HTTP/1.1" 200 134498 "http://54.169.189.145/wp-admin/edit.php?post_type=booking&page=wptravelengine-admin-page" "Mozilla/5.0 (Windows NT 10.0; Win64; x64) AppleWebKit/537.36 (KHTML, like Gecko) Chrome/145.0.0.0 Safari/537.36" "-"
42.113.60.146 - - [15/Mar/2026:22:34:22 +0700] "GET /wp-json/wp/v2/users/me?context=edit&_locale=user HTTP/1.1" 200 805 "http://54.169.189.145/wp-admin/edit.php?post_type=booking&page=wptravelengine-admin-page" "Mozilla/5.0 (Windows NT 10.0; Win64; x64) AppleWebKit/537.36 (KHTML, like Gecko) Chrome/145.0.0.0 Safari/537.36" "-"
42.113.60.146 - - [15/Mar/2026:22:34:46 +0700] "GET /wp-json/wptravelengine/v1/dashboard/tutorials?per_page=100&_locale=user HTTP/1.1" 200 1350 "http://54.169.189.145/wp-admin/edit.php?post_type=booking&page=wptravelengine-dashboard&page_tab=tutorials" "Mozilla/5.0 (Windows NT 10.0; Win64; x64) AppleWebKit/537.36 (KHTML, like Gecko) Chrome/145.0.0.0 Safari/537.36" "-"
42.115.239.44 - - [15/Mar/2026:22:34:46 +0700] "GET /wp-admin/plugins.php HTTP/1.1" 200 45436 "http://54.169.189.145/wp-admin/edit.php?post_type=booking&page=wptravelengine-admin-page" "Mozilla/5.0 (Macintosh; Intel Mac OS X 10_15_7) AppleWebKit/537.36 (KHTML, like Gecko) Chrome/145.0.0.0 Safari/537.36" "-"
42.115.239.44 - - [15/Mar/2026:22:34:46 +0700] "GET /wp-json/wp/v2/users/me?context=edit&_locale=user HTTP/1.1" 200 805 "http://54.169.189.145/wp-admin/plugins.php" "Mozilla/5.0 (Macintosh; Intel Mac OS X 10_15_7) AppleWebKit/537.36 (KHTML, like Gecko) Chrome/145.0.0.0 Safari/537.36" "-"
42.115.239.44 - - [15/Mar/2026:22:35:07 +0700] "GET /wp-admin/plugin-install.php HTTP/1.1" 200 37278 "http://54.169.189.145/wp-admin/plugins.php" "Mozilla/5.0 (Macintosh; Intel Mac OS X 10_15_7) AppleWebKit/537.36 (KHTML, like Gecko) Chrome/145.0.0.0 Safari/537.36" "-"
42.115.239.44 - - [15/Mar/2026:22:35:07 +0700] "GET /wp-json/wp/v2/users/me?context=edit&_locale=user HTTP/1.1" 200 805 "http://54.169.189.145/wp-admin/plugin-install.php" "Mozilla/5.0 (Macintosh; Intel Mac OS X 10_15_7) AppleWebKit/537.36 (KHTML, like Gecko) Chrome/145.0.0.0 Safari/537.36" "-"
42.115.239.44 - - [15/Mar/2026:22:35:09 +0700] "GET /wp-admin/edit.php?post_type=trip HTTP/1.1" 200 36337 "http://54.169.189.145/wp-admin/plugin-install.php" "Mozilla/5.0 (Macintosh; Intel Mac OS X 10_15_7) AppleWebKit/537.36 (KHTML, like Gecko) Chrome/145.0.0.0 Safari/537.36" "-"
42.115.239.44 - - [15/Mar/2026:22:35:10 +0700] "GET /wp-json/wp/v2/users/me?context=edit&_locale=user HTTP/1.1" 200 805 "http://54.169.189.145/wp-admin/edit.php?post_type=trip" "Mozilla/5.0 (Macintosh; Intel Mac OS X 10_15_7) AppleWebKit/537.36 (KHTML, like Gecko) Chrome/145.0.0.0 Safari/537.36" "-"
42.115.239.44 - - [15/Mar/2026:22:35:10 +0700] "POST /wp-admin/admin-ajax.php HTTP/1.1" 200 78 "http://54.169.189.145/wp-admin/edit.php?post_type=trip" "Mozilla/5.0 (Macintosh; Intel Mac OS X 10_15_7) AppleWebKit/537.36 (KHTML, like Gecko) Chrome/145.0.0.0 Safari/537.36" "-"
42.115.239.44 - - [15/Mar/2026:22:35:12 +0700] "GET /wp-admin/plugin-install.php HTTP/1.1" 200 37277 "http://54.169.189.145/wp-admin/plugins.php" "Mozilla/5.0 (Macintosh; Intel Mac OS X 10_15_7) AppleWebKit/537.36 (KHTML, like Gecko) Chrome/145.0.0.0 Safari/537.36" "-"
42.115.239.44 - - [15/Mar/2026:22:35:12 +0700] "GET /wp-json/wp/v2/users/me?context=edit&_locale=user HTTP/1.1" 200 805 "http://54.169.189.145/wp-admin/plugin-install.php" "Mozilla/5.0 (Macintosh; Intel Mac OS X 10_15_7) AppleWebKit/537.36 (KHTML, like Gecko) Chrome/145.0.0.0 Safari/537.36" "-"
42.115.239.44 - - [15/Mar/2026:22:35:25 +0700] "POST /wp-admin/update.php?action=upload-plugin HTTP/1.1" 200 29734 "http://54.169.189.145/wp-admin/plugin-install.php" "Mozilla/5.0 (Macintosh; Intel Mac OS X 10_15_7) AppleWebKit/537.36 (KHTML, like Gecko) Chrome/145.0.0.0 Safari/537.36" "-"
42.115.239.44 - - [15/Mar/2026:22:35:25 +0700] "GET /wp-json/wp/v2/users/me?context=edit&_locale=user HTTP/1.1" 200 805 "http://54.169.189.145/wp-admin/update.php?action=upload-plugin" "Mozilla/5.0 (Macintosh; Intel Mac OS X 10_15_7) AppleWebKit/537.36 (KHTML, like Gecko) Chrome/145.0.0.0 Safari/537.36" "-"
42.113.60.146 - - [15/Mar/2026:22:35:28 +0700] "POST /wp-admin/admin-ajax.php HTTP/1.1" 200 78 "http://54.169.189.145/wp-admin/edit.php?post_type=booking&page=wptravelengine-dashboard&page_tab=tutorials" "Mozilla/5.0 (Windows NT 10.0; Win64; x64) AppleWebKit/537.36 (KHTML, like Gecko) Chrome/145.0.0.0 Safari/537.36" "-"
42.113.60.146 - - [15/Mar/2026:22:35:38 +0700] "GET /wp-admin/edit.php?post_type=page HTTP/1.1" 499 0 "http://54.169.189.145/wp-admin/edit.php?post_type=booking&page=wptravelengine-dashboard&page_tab=tutorials" "Mozilla/5.0 (Windows NT 10.0; Win64; x64) AppleWebKit/537.36 (KHTML, like Gecko) Chrome/145.0.0.0 Safari/537.36" "-"
42.113.60.146 - - [15/Mar/2026:22:35:39 +0700] "GET /wp-admin/edit.php?post_type=page HTTP/1.1" 200 37450 "http://54.169.189.145/wp-admin/edit.php?post_type=booking&page=wptravelengine-dashboard&page_tab=tutorials" "Mozilla/5.0 (Windows NT 10.0; Win64; x64) AppleWebKit/537.36 (KHTML, like Gecko) Chrome/145.0.0.0 Safari/537.36" "-"
42.113.60.146 - - [15/Mar/2026:22:35:40 +0700] "GET /wp-json/wp/v2/users/me?context=edit&_locale=user HTTP/1.1" 200 805 "http://54.169.189.145/wp-admin/edit.php?post_type=page" "Mozilla/5.0 (Windows NT 10.0; Win64; x64) AppleWebKit/537.36 (KHTML, like Gecko) Chrome/145.0.0.0 Safari/537.36" "-"
42.113.60.146 - - [15/Mar/2026:22:35:40 +0700] "POST /wp-admin/admin-ajax.php HTTP/1.1" 200 78 "http://54.169.189.145/wp-admin/edit.php?post_type=page" "Mozilla/5.0 (Windows NT 10.0; Win64; x64) AppleWebKit/537.36 (KHTML, like Gecko) Chrome/145.0.0.0 Safari/537.36" "-"
42.115.239.44 - - [15/Mar/2026:22:35:42 +0700] "GET /wp-admin/plugin-install.php HTTP/1.1" 200 37326 "http://54.169.189.145/wp-admin/update.php?action=upload-plugin" "Mozilla/5.0 (Macintosh; Intel Mac OS X 10_15_7) AppleWebKit/537.36 (KHTML, like Gecko) Chrome/145.0.0.0 Safari/537.36" "-"
42.115.239.44 - - [15/Mar/2026:22:35:42 +0700] "GET /wp-json/wp/v2/users/me?context=edit&_locale=user HTTP/1.1" 200 805 "http://54.169.189.145/wp-admin/plugin-install.php" "Mozilla/5.0 (Macintosh; Intel Mac OS X 10_15_7) AppleWebKit/537.36 (KHTML, like Gecko) Chrome/145.0.0.0 Safari/537.36" "-"
42.113.60.146 - - [15/Mar/2026:22:35:47 +0700] "GET /wp-admin/post.php?post=16&action=edit HTTP/1.1" 200 154685 "http://54.169.189.145/wp-admin/edit.php?post_type=page" "Mozilla/5.0 (Windows NT 10.0; Win64; x64) AppleWebKit/537.36 (KHTML, like Gecko) Chrome/145.0.0.0 Safari/537.36" "-"
42.113.60.146 - - [15/Mar/2026:22:35:48 +0700] "GET /wp-admin/load-scripts.php?c=0&load%5Bchunk_0%5D=jquery-core,jquery-migrate,utils,moxiejs,plupload,jquery-ui-core,jquery-ui-mouse,jquery-ui-sortable&ver=6.9.4 HTTP/1.1" 200 81105 "http://54.169.189.145/wp-admin/post.php?post=16&action=edit" "Mozilla/5.0 (Windows NT 10.0; Win64; x64) AppleWebKit/537.36 (KHTML, like Gecko) Chrome/145.0.0.0 Safari/537.36" "-"
42.113.60.146 - - [15/Mar/2026:22:35:50 +0700] "GET /wp-admin/load-styles.php?c=0&dir=ltr&load%5Bchunk_0%5D=dashicons,admin-bar,buttons,media-views,editor-buttons,wp-components,wp-preferences,wp-block-editor,wp-reusable-blocks,wp-patter&load%5Bchunk_1%5D=ns,wp-editor,common,forms,wp-reset-editor-styles,wp-block-library,wp-block-editor-content,wp-editor-classic-layout-styles,wp-blo&load%5Bchunk_2%5D=ck-library-theme,wp-edit-blocks,wp-commands,wp-edit-post,wp-block-directory,wp-format-library,admin-menu,dashboard,list-tables,e&load%5Bchunk_3%5D=dit,revisions,media,themes,about,nav-menus,wp-pointer,widgets,site-icon,l10n,wp-auth-check,classic-theme-styles&ver=6.9.4 HTTP/1.1" 200 195955 "http://54.169.189.145/wp-admin/post.php?post=16&action=edit" "Mozilla/5.0 (Windows NT 10.0; Win64; x64) AppleWebKit/537.36 (KHTML, like Gecko) Chrome/145.0.0.0 Safari/537.36" "-"
42.113.60.146 - - [15/Mar/2026:22:35:51 +0700] "GET /wp-json/wp/v2/users/me?context=edit&_locale=user HTTP/1.1" 200 805 "http://54.169.189.145/wp-admin/post.php?post=16&action=edit" "Mozilla/5.0 (Windows NT 10.0; Win64; x64) AppleWebKit/537.36 (KHTML, like Gecko) Chrome/145.0.0.0 Safari/537.36" "-"
42.115.239.44 - - [15/Mar/2026:22:35:52 +0700] "POST /wp-admin/admin-ajax.php HTTP/1.1" 200 9745 "http://54.169.189.145/wp-admin/plugin-install.php?s=WP%2520Travel%2520Engine%2520Search&tab=search&type=term" "Mozilla/5.0 (Macintosh; Intel Mac OS X 10_15_7) AppleWebKit/537.36 (KHTML, like Gecko) Chrome/145.0.0.0 Safari/537.36" "-"
42.113.60.146 - - [15/Mar/2026:22:35:56 +0700] "OPTIONS /wp-json/wp/v2/settings?_locale=user HTTP/1.1" 200 1115 "http://54.169.189.145/wp-admin/post.php?post=16&action=edit" "Mozilla/5.0 (Windows NT 10.0; Win64; x64) AppleWebKit/537.36 (KHTML, like Gecko) Chrome/145.0.0.0 Safari/537.36" "-"
42.113.60.146 - - [15/Mar/2026:22:35:56 +0700] "GET /wp-json/wp/v2/templates/lookup?slug=front-page&_locale=user HTTP/1.1" 200 33 "http://54.169.189.145/wp-admin/post.php?post=16&action=edit" "Mozilla/5.0 (Windows NT 10.0; Win64; x64) AppleWebKit/537.36 (KHTML, like Gecko) Chrome/145.0.0.0 Safari/537.36" "-"
42.113.60.146 - - [15/Mar/2026:22:35:56 +0700] "POST /wp-json/wp/v2/users/me?_locale=user HTTP/1.1" 200 853 "http://54.169.189.145/wp-admin/post.php?post=16&action=edit" "Mozilla/5.0 (Windows NT 10.0; Win64; x64) AppleWebKit/537.36 (KHTML, like Gecko) Chrome/145.0.0.0 Safari/537.36" "-"
42.113.60.146 - - [15/Mar/2026:22:35:56 +0700] "GET /wp-json/wp/v2/comments?context=edit&post=16&type=note&status=all&per_page=100&_locale=user HTTP/1.1" 200 33 "http://54.169.189.145/wp-admin/post.php?post=16&action=edit" "Mozilla/5.0 (Windows NT 10.0; Win64; x64) AppleWebKit/537.36 (KHTML, like Gecko) Chrome/145.0.0.0 Safari/537.36" "-"
42.113.60.146 - - [15/Mar/2026:22:35:56 +0700] "GET /wp-admin/load-scripts.php?c=0&load%5Bchunk_0%5D=wp-polyfill&ver=6.9.4 HTTP/1.1" 200 11927 "-" "Mozilla/5.0 (Windows NT 10.0; Win64; x64) AppleWebKit/537.36 (KHTML, like Gecko) Chrome/145.0.0.0 Safari/537.36" "-"
42.113.60.146 - - [15/Mar/2026:22:35:56 +0700] "GET /wp-json/wp/v2/users/1?context=view&_fields=id%2Cname&_locale=user HTTP/1.1" 200 62 "http://54.169.189.145/wp-admin/post.php?post=16&action=edit" "Mozilla/5.0 (Windows NT 10.0; Win64; x64) AppleWebKit/537.36 (KHTML, like Gecko) Chrome/145.0.0.0 Safari/537.36" "-"
42.113.60.146 - - [15/Mar/2026:22:35:56 +0700] "GET /wp-json/wp/v2/taxonomies?context=edit&per_page=100&_locale=user HTTP/1.1" 200 2114 "http://54.169.189.145/wp-admin/post.php?post=16&action=edit" "Mozilla/5.0 (Windows NT 10.0; Win64; x64) AppleWebKit/537.36 (KHTML, like Gecko) Chrome/145.0.0.0 Safari/537.36" "-"
42.113.60.146 - - [15/Mar/2026:22:35:56 +0700] "GET /wp-json/wp/v2/wp_pattern_category?context=view&per_page=100&_fields=id%2Cname%2Cdescription%2Cslug&_locale=user HTTP/1.1" 200 33 "http://54.169.189.145/wp-admin/post.php?post=16&action=edit" "Mozilla/5.0 (Windows NT 10.0; Win64; x64) AppleWebKit/537.36 (KHTML, like Gecko) Chrome/145.0.0.0 Safari/537.36" "-"
42.113.60.146 - - [15/Mar/2026:22:35:58 +0700] "POST /wp-json/wp/v2/users/me?_locale=user HTTP/1.1" 200 876 "http://54.169.189.145/wp-admin/post.php?post=16&action=edit" "Mozilla/5.0 (Windows NT 10.0; Win64; x64) AppleWebKit/537.36 (KHTML, like Gecko) Chrome/145.0.0.0 Safari/537.36" "-"
42.113.60.146 - - [15/Mar/2026:22:36:05 +0700] "POST /wp-admin/admin-ajax.php HTTP/1.1" 200 112 "http://54.169.189.145/wp-admin/post.php?post=16&action=edit" "Mozilla/5.0 (Windows NT 10.0; Win64; x64) AppleWebKit/537.36 (KHTML, like Gecko) Chrome/145.0.0.0 Safari/537.36" "-"
42.113.60.146 - - [15/Mar/2026:22:36:13 +0700] "GET /wp-json/block-patterns/v1/patterns?sync=false&_locale=user HTTP/1.1" 200 2040 "http://54.169.189.145/wp-admin/post.php?post=16&action=edit" "Mozilla/5.0 (Windows NT 10.0; Win64; x64) AppleWebKit/537.36 (KHTML, like Gecko) Chrome/145.0.0.0 Safari/537.36" "-"
42.113.60.146 - - [15/Mar/2026:22:36:15 +0700] "POST /wp-admin/admin-ajax.php HTTP/1.1" 200 112 "http://54.169.189.145/wp-admin/post.php?post=16&action=edit" "Mozilla/5.0 (Windows NT 10.0; Win64; x64) AppleWebKit/537.36 (KHTML, like Gecko) Chrome/145.0.0.0 Safari/537.36" "-"
42.113.60.146 - - [15/Mar/2026:22:36:24 +0700] "GET /wp-admin/edit.php?post_type=page HTTP/1.1" 200 37527 "http://54.169.189.145/wp-admin/edit.php?post_type=booking&page=wptravelengine-dashboard&page_tab=tutorials" "Mozilla/5.0 (Windows NT 10.0; Win64; x64) AppleWebKit/537.36 (KHTML, like Gecko) Chrome/145.0.0.0 Safari/537.36" "-"
42.113.60.146 - - [15/Mar/2026:22:36:24 +0700] "POST /wp-admin/admin-ajax.php HTTP/1.1" 200 32 "http://54.169.189.145/wp-admin/post.php?post=16&action=edit" "Mozilla/5.0 (Windows NT 10.0; Win64; x64) AppleWebKit/537.36 (KHTML, like Gecko) Chrome/145.0.0.0 Safari/537.36" "-"
